
                                 Formality (R)

               Version L-2016.03-SP1 for linux64 - Apr 13, 2016 

                    Copyright (c) 1988 - 2016 Synopsys, Inc.
   This software and the associated documentation are proprietary to Synopsys,
 Inc. This software may only be used in accordance with the terms and conditions
 of a written license agreement with Synopsys, Inc. All other use, reproduction,
            or distribution of this software is strictly prohibited.

  ** Highlights of Formality (R) Version L-2016.03 **
   - New alternate verification strategies for resolving inconclusive verifications
   - Automation for deploying alternate strategies
   - New command to export the mapping of reference to implementation registers
   - New capability to combine PG and low power information from db libraries with Verilog functional models

   * Please refer to the Formality Release Notes for details and additional enhancements

Build: 4031317
Hostname: IC (RHEL64)
Current time: Wed Oct  1 02:53:25 2025

Loading db file '/opt/Synopsys/Formality2016/libraries/syn/gtech.db'
###################################################################
########################### Variables #############################
###################################################################
set SSLIB "/home/IC/Labs/Ass_Formal_2.0/std_cells/scmetro_tsmc_cl013g_rvt_ss_1p08v_125c.db"
/home/IC/Labs/Ass_Formal_2.0/std_cells/scmetro_tsmc_cl013g_rvt_ss_1p08v_125c.db
set TTLIB "/home/IC/Labs/Ass_Formal_2.0/std_cells/scmetro_tsmc_cl013g_rvt_tt_1p2v_25c.db"
/home/IC/Labs/Ass_Formal_2.0/std_cells/scmetro_tsmc_cl013g_rvt_tt_1p2v_25c.db
set FFLIB "/home/IC/Labs/Ass_Formal_2.0/std_cells/scmetro_tsmc_cl013g_rvt_ff_1p32v_m40c.db"
/home/IC/Labs/Ass_Formal_2.0/std_cells/scmetro_tsmc_cl013g_rvt_ff_1p32v_m40c.db
###################################################################
############################ Guidance #############################
###################################################################
# Synopsys setup variable
set synopsys_auto_setup true
true
# Formality Setup File
set_svf "/home/IC/Labs/Ass_Formal_2.0/syn/UART.svf"
Error: Cannot open file: /home/IC/Labs/Ass_Formal_2.0/syn/UART.svf (FM-203)
0
###################################################################
###################### Reference Container ########################
###################################################################
# Read Reference Design Verilog Files
read_sverilog -container Ref "/home/IC/Labs/Ass_Formal_1.0/rtl/UART_TX.sv"
No target library specified, default is WORK
Loading verilog file '/home/IC/Labs/Ass_Formal_1.0/rtl/UART_TX.sv'
Created container 'Ref'
Current container set to 'Ref'
1
read_sverilog -container Ref "/home/IC/Labs/Ass_Formal_1.0/rtl/Serializer.sv"
No target library specified, default is WORK
Loading verilog file '/home/IC/Labs/Ass_Formal_1.0/rtl/Serializer.sv'
1
read_sverilog -container Ref "/home/IC/Labs/Ass_Formal_1.0/rtl/parity_Calc.sv"
No target library specified, default is WORK
Loading verilog file '/home/IC/Labs/Ass_Formal_1.0/rtl/parity_Calc.sv'
1
read_sverilog -container Ref "/home/IC/Labs/Ass_Formal_1.0/rtl/MUX.sv"
No target library specified, default is WORK
Loading verilog file '/home/IC/Labs/Ass_Formal_1.0/rtl/MUX.sv'
1
read_sverilog -container Ref "/home/IC/Labs/Ass_Formal_1.0/rtl/mux2X1.sv"
Error: Can't open file /home/IC/Labs/Ass_Formal_1.0/rtl/mux2X1.sv. (FM-016)
0
read_sverilog -container Ref "/home/IC/Labs/Ass_Formal_1.0/rtl/FSM.sv"
No target library specified, default is WORK
Loading verilog file '/home/IC/Labs/Ass_Formal_1.0/rtl/FSM.sv'
1
# Read Reference technology libraries
read_db -container Ref [list $SSLIB $TTLIB $FFLIB]
Loading db file '/home/IC/Labs/Ass_Formal_2.0/std_cells/scmetro_tsmc_cl013g_rvt_ss_1p08v_125c.db'
Loading db file '/home/IC/Labs/Ass_Formal_2.0/std_cells/scmetro_tsmc_cl013g_rvt_tt_1p2v_25c.db'
Loading db file '/home/IC/Labs/Ass_Formal_2.0/std_cells/scmetro_tsmc_cl013g_rvt_ff_1p32v_m40c.db'
1
# set the top Reference Design 
set_reference_design UART_TX
Reference design set to 'Ref:/WORK/UART_TX'
1
set_top UART_TX
Setting top design to 'Ref:/WORK/UART_TX'
Status:   Elaborating design UART_TX   ...  
Status:   Elaborating design FSM   ...  
Status:   Elaborating design Serializer   ...  
Status:   Elaborating design parity_Calc   ...  
Status:   Elaborating design MUX   ...  
Status:  Implementing inferred operators...

************ Library Checking Summary ************
Warning:  3 unlinked power cell(s) with unread pg pins.
        Use 'report_libraries -defects all' for more details.
**************************************************

Top design successfully set to 'Ref:/WORK/UART_TX'
Reference design set to 'Ref:/WORK/UART_TX'
1
###################################################################
#################### Implementation Container #####################
###################################################################
# Read Implementation Design Files
read_sverilog -container Imp "/home/IC/Labs/Ass_Formal_1.0/rtl/UART_TX.sv"
No target library specified, default is WORK
Loading verilog file '/home/IC/Labs/Ass_Formal_1.0/rtl/UART_TX.sv'
Created container 'Imp'
Current container set to 'Imp'
1
read_sverilog -container Imp "/home/IC/Labs/Ass_Formal_1.0/rtl/Serializer.sv"
No target library specified, default is WORK
Loading verilog file '/home/IC/Labs/Ass_Formal_1.0/rtl/Serializer.sv'
1
read_sverilog -container Imp "/home/IC/Labs/Ass_Formal_1.0/rtl/parity_Calc.sv"
No target library specified, default is WORK
Loading verilog file '/home/IC/Labs/Ass_Formal_1.0/rtl/parity_Calc.sv'
1
read_sverilog -container Imp "/home/IC/Labs/Ass_Formal_1.0/rtl/MUX.sv"
No target library specified, default is WORK
Loading verilog file '/home/IC/Labs/Ass_Formal_1.0/rtl/MUX.sv'
1
read_sverilog -container Imp "/home/IC/Labs/Ass_Formal_1.0/rtl/mux2X1.sv"
Error: Can't open file /home/IC/Labs/Ass_Formal_1.0/rtl/mux2X1.sv. (FM-016)
0
read_sverilog -container Imp "/home/IC/Labs/Ass_Formal_1.0/rtl/FSM.sv"
No target library specified, default is WORK
Loading verilog file '/home/IC/Labs/Ass_Formal_1.0/rtl/FSM.sv'
1
# Read Implementation technology libraries
read_db -container Imp [list $SSLIB $TTLIB $FFLIB]
Loading db file '/home/IC/Labs/Ass_Formal_2.0/std_cells/scmetro_tsmc_cl013g_rvt_ss_1p08v_125c.db'
Loading db file '/home/IC/Labs/Ass_Formal_2.0/std_cells/scmetro_tsmc_cl013g_rvt_tt_1p2v_25c.db'
Loading db file '/home/IC/Labs/Ass_Formal_2.0/std_cells/scmetro_tsmc_cl013g_rvt_ff_1p32v_m40c.db'
1
# set the top Implementation Design
set_implementation_design UART_TX
Implementation design set to 'Imp:/WORK/UART_TX'
1
set_top UART_TX
Setting top design to 'Imp:/WORK/UART_TX'
Status:   Elaborating design UART_TX   ...  
Status:   Elaborating design FSM   ...  
Status:   Elaborating design Serializer   ...  
Status:   Elaborating design parity_Calc   ...  
Status:   Elaborating design MUX   ...  
Status:  Implementing inferred operators...

************ Library Checking Summary ************
Warning:  3 unlinked power cell(s) with unread pg pins.
        Use 'report_libraries -defects all' for more details.
**************************************************

Top design successfully set to 'Imp:/WORK/UART_TX'
Implementation design set to 'Imp:/WORK/UART_TX'
1
###################################################################
#################### Implementation Container #####################
###################################################################
########################## Don't verify ###########################
# do not verify scan in & scan out ports as a compare point as it is existed only after synthesis and not existed in the RTL
#scan in
set_dont_verify_points -type port Ref:/WORK/*/SI
Error: Unknown name: 'Ref:/WORK/*/SI' (FM-036)
0
set_dont_verify_points -type port Imp:/WORK/*/SI
Error: Unknown name: 'Imp:/WORK/*/SI' (FM-036)
0
#scan_out
set_dont_verify_points -type port Ref:/WORK/*/SO
Error: Unknown name: 'Ref:/WORK/*/SO' (FM-036)
0
set_dont_verify_points -type port Imp:/WORK/*/SO
Error: Unknown name: 'Imp:/WORK/*/SO' (FM-036)
0
############################### contants #####################################
# all atpg enable (test_mode, scan_enable) are zero during formal compare
#test_mode
set_constant Ref:/WORK/*/test_mode 0
Error: Unknown name: 'Ref:/WORK/*/test_mode' (FM-036)
0
set_constant Imp:/WORK/*/test_mode 0
Error: Unknown name: 'Imp:/WORK/*/test_mode' (FM-036)
0
#scan_enable
set_constant Ref:/WORK/*/SE 0
Error: Unknown name: 'Ref:/WORK/*/SE' (FM-036)
0
set_constant Imp:/WORK/*/SE 0
Error: Unknown name: 'Imp:/WORK/*/SE' (FM-036)
0
###################### Matching Compare points ####################
match
Reference design is 'Ref:/WORK/UART_TX'
Implementation design is 'Imp:/WORK/UART_TX'
Status:  Checking designs...
Status:  Building verification models...
Status:  Matching...
    
*********************************** Matching Results ***********************************    
 20 Compare points matched by name    
 0 Compare points matched by signature analysis    
 0 Compare points matched by topology    
 13 Matched primary inputs, black-box outputs    
 0(0) Unmatched reference(implementation) compare points    
 0(0) Unmatched reference(implementation) primary inputs, black-box outputs    
****************************************************************************************

1
######################### Run Verification ########################
set successful [verify]
Reference design is 'Ref:/WORK/UART_TX'
Implementation design is 'Imp:/WORK/UART_TX'
    
*********************************** Matching Results ***********************************    
 20 Compare points matched by name    
 0 Compare points matched by signature analysis    
 0 Compare points matched by topology    
 13 Matched primary inputs, black-box outputs    
 0(0) Unmatched reference(implementation) compare points    
 0(0) Unmatched reference(implementation) primary inputs, black-box outputs    
****************************************************************************************

Status:  Verifying...

***************************** Synopsys Auto Setup Summary ******************************

!!! Synopsys Auto Setup Mode was enabled. !!!
!!! Verification results are valid assuming the following setup constraints: !!!

### RTL Interpretation Setup
   set hdlin_ignore_parallel_case false
   set hdlin_ignore_full_case false
   set hdlin_error_on_mismatch_message false
   set hdlin_ignore_embedded_configuration true

### Undriven Signal Handling Setup
   set verification_set_undriven_signals synthesis

### Test Logic Setup
   set verification_verify_directly_undriven_output false
   For details see report_dont_verify_points and report_constants


For further details on Synopsys Auto Setup Mode: Type man synopsys_auto_setup
****************************************************************************************


********************************* Verification Results *********************************
Verification SUCCEEDED
   ATTENTION: synopsys_auto_setup mode was enabled.
              See Synopsys Auto Setup Summary for details.
----------------------------------------------------------
 Reference design: Ref:/WORK/UART_TX
 Implementation design: Imp:/WORK/UART_TX
 20 Passing compare points
----------------------------------------------------------------------------------------
Matched Compare Points     BBPin    Loop   BBNet     Cut    Port     DFF     LAT   TOTAL
----------------------------------------------------------------------------------------
Passing (equivalent)           0       0       0       0       2      18       0      20
Failing (not equivalent)       0       0       0       0       0       0       0       0
****************************************************************************************
1
if {!$successful} {
diagnose
analyze_points -failing
}
########################### Reporting ############################# 
report_passing_points > "passing_points.rpt"
report_failing_points > "failing_points.rpt"
report_aborted_points > "aborted_points.rpt"
report_unverified_points > "unverified_points.rpt"
########################### Start GUI ############################# 
#start_gui
fm_shell (verify)> 