Loading db file '/home/IC/Labs/Lab_Syn_3.0/std_cells/scmetro_tsmc_cl013g_rvt_ss_1p08v_125c.db'
Information: Propagating switching activity (low effort zero delay simulation). (PWR-6)
Warning: Design has unannotated primary inputs. (PWR-414)
Warning: Design has unannotated sequential cell outputs. (PWR-415)
 
****************************************
Report : power
        -hier
        -analysis_effort low
Design : System_Top
Version: K-2015.06
Date   : Sun Aug 10 17:11:06 2025
****************************************


Library(s) Used:

    scmetro_tsmc_cl013g_rvt_ss_1p08v_125c (File: /home/IC/Labs/Lab_Syn_3.0/std_cells/scmetro_tsmc_cl013g_rvt_ss_1p08v_125c.db)


Operating Conditions: scmetro_tsmc_cl013g_rvt_ss_1p08v_125c   Library: scmetro_tsmc_cl013g_rvt_ss_1p08v_125c
Wire Load Model Mode: top

Design        Wire Load Model            Library
------------------------------------------------
System_Top             tsmc13_wl30       scmetro_tsmc_cl013g_rvt_ss_1p08v_125c


Global Operating Voltage = 1.08 
Power-specific unit information :
    Voltage Units = 1V
    Capacitance Units = 1.000000pf
    Time Units = 1ns
    Dynamic Power Units = 1mW    (derived from V,C,T units)
    Leakage Power Units = 1pW


--------------------------------------------------------------------------------
                                       Switch   Int      Leak     Total
Hierarchy                              Power    Power    Power    Power    %
--------------------------------------------------------------------------------
System_Top                                0.586 3.98e-02 7.66e+06    0.633 100.0
  U0_CLK_GATE (CLK_GATE)               6.65e-03 6.52e-04 1.92e+04 7.33e-03   1.2
  U0_ClkDiv (ClkDiv)                   5.42e-02 7.05e-03 6.39e+05 6.19e-02   9.8
    add_61 (ClkDiv_DW01_inc_0)         2.83e-04 7.80e-05 9.30e+04 4.54e-04   0.1
  U0_ALU (ALU)                         7.14e-03 4.39e-03 3.23e+06 1.48e-02   2.3
    mult_48 (ALU_DW02_mult_0)          1.70e-04 4.59e-05 8.55e+05 1.07e-03   0.2
    add_42 (ALU_DW01_add_0)            4.23e-05 1.61e-05 2.37e+05 2.96e-04   0.0
    sub_45 (ALU_DW01_sub_0)            6.22e-05 2.19e-05 2.74e+05 3.58e-04   0.1
    div_51 (ALU_DW_div_uns_0)          3.74e-04 5.97e-05 9.70e+05 1.40e-03   0.2
  U0_RegFile (RegFile)                 2.28e-02 2.39e-02 3.19e+06 4.99e-02   7.9
1
