 
****************************************
Report : area
Design : ALU_TOP
Version: K-2015.06
Date   : Mon Jan 22 01:22:49 2024
****************************************

Information: Updating design information... (UID-85)
Library(s) Used:

    scmetro_tsmc_cl013g_rvt_ss_1p08v_125c (File: /home/IC/Labs/Lab_Syn_3.1/std_cells/scmetro_tsmc_cl013g_rvt_ss_1p08v_125c.db)

Number of ports:                          698
Number of nets:                          2570
Number of cells:                         1659
Number of combinational cells:           1568
Number of sequential cells:                80
Number of macros/black boxes:               0
Number of buf/inv:                        405
Number of references:                      15

Combinational area:              22380.834077
Buf/Inv area:                     3561.870864
Noncombinational area:            1503.822544
Macro/Black Box area:                0.000000
Net Interconnect area:          527382.665710

Total cell area:                 23884.656621
Total area:                     551267.322332

Hierarchical area distribution
------------------------------

                                  Global cell area            Local cell area
                                  -------------------  ----------------------------- 
Hierarchical cell                 Absolute    Percent  Combi-      Noncombi-  Black-
                                  Total       Total    national    national   boxes   Design
--------------------------------  ----------  -------  ----------  ---------  ------  ----------------------------
ALU_TOP                           23884.6566    100.0   2322.8057     0.0000  0.0000  ALU_TOP
U0                                   43.5379      0.2     43.5379     0.0000  0.0000  Decoder
U0_ARITHMETIC_UNIT                19242.5752     80.6    540.1053   720.1404  0.0000  ARITHMETIC_UNIT
U0_ARITHMETIC_UNIT/add_40           476.5635      2.0    476.5635     0.0000  0.0000  ARITHMETIC_UNIT_DW01_add_0
U0_ARITHMETIC_UNIT/div_52          7842.7055     32.8   7842.7055     0.0000  0.0000  ARITHMETIC_UNIT_DW_div_uns_0
U0_ARITHMETIC_UNIT/mult_48         9126.4852     38.2   8573.4362     0.0000  0.0000  ARITHMETIC_UNIT_DW02_mult_0
U0_ARITHMETIC_UNIT/mult_48/FS_1     553.0490      2.3    553.0490     0.0000  0.0000  ARITHMETIC_UNIT_DW01_add_1
U0_ARITHMETIC_UNIT/sub_44           536.5752      2.2    536.5752     0.0000  0.0000  ARITHMETIC_UNIT_DW01_sub_0
U0_CMP_UNIT                         528.3383      2.2     40.0078    63.5418  0.0000  CMP_UNIT
U0_CMP_UNIT/r57                     424.7887      1.8    424.7887     0.0000  0.0000  CMP_UNIT_DW01_cmp6_0
U0_LOGIC_UNIT                      1011.9620      4.2    651.8918   360.0702  0.0000  LOGIC_UNIT
U0_SHIFT_UNIT                       735.4375      3.1    375.3673   360.0702  0.0000  SHIFT_UNIT
--------------------------------  ----------  -------  ----------  ---------  ------  ----------------------------
Total                                                  22380.8341  1503.8225  0.0000

1
