                                        
                           Design Compiler Graphical 
                                 DC Ultra (TM)
                                  DFTMAX (TM)
                              Power Compiler (TM)
                                 DesignWare (R)
                                 DC Expert (TM)
                               Design Vision (TM)
                               HDL Compiler (TM)
                               VHDL Compiler (TM)
                                  DFT Compiler
                               Design Compiler(R)
                                        
                 Version K-2015.06 for linux64 - May 28, 2015 
                                        
                    Copyright (c) 1988 - 2015 Synopsys, Inc.
   This software and the associated documentation are proprietary to Synopsys,
 Inc. This software may only be used in accordance with the terms and conditions
 of a written license agreement with Synopsys, Inc. All other use, reproduction,
            or distribution of this software is strictly prohibited.
Initializing...
Initializing gui preferences from file  /home/IC/.synopsys_dv_prefs.tcl
set flattened 0
0
########################### Define Top Module ############################
set top_module ALU_TOP
ALU_TOP
##################### Define Working Library Directory ######################
define_design_lib work -path ./work
1
################## Design Compiler Library Files #setup ######################
puts "###########################################"
###########################################
puts "#      #setting Design Libraries           #"
#      #setting Design Libraries           #
puts "###########################################"
###########################################
#Add the path of the libraries to the search_path variable
lappend search_path /home/IC/Labs/Lab_Syn_3.1/std_cells
. /opt/Synopsys/Synplify2015/libraries/syn /opt/Synopsys/Synplify2015/minpower/syn /opt/Synopsys/Synplify2015/dw/syn_ver /opt/Synopsys/Synplify2015/dw/sim_ver /home/IC/Labs/Lab_Syn_3.1/std_cells
lappend search_path /home/IC/Labs/Lab_Syn_3.1/rtl
. /opt/Synopsys/Synplify2015/libraries/syn /opt/Synopsys/Synplify2015/minpower/syn /opt/Synopsys/Synplify2015/dw/syn_ver /opt/Synopsys/Synplify2015/dw/sim_ver /home/IC/Labs/Lab_Syn_3.1/std_cells /home/IC/Labs/Lab_Syn_3.1/rtl
set SSLIB "scmetro_tsmc_cl013g_rvt_ss_1p08v_125c.db"
scmetro_tsmc_cl013g_rvt_ss_1p08v_125c.db
set TTLIB "scmetro_tsmc_cl013g_rvt_tt_1p2v_25c.db"
scmetro_tsmc_cl013g_rvt_tt_1p2v_25c.db
set FFLIB "scmetro_tsmc_cl013g_rvt_ff_1p32v_m40c.db"
scmetro_tsmc_cl013g_rvt_ff_1p32v_m40c.db
## Standard Cell libraries 
set target_library [list $SSLIB $TTLIB $FFLIB]
scmetro_tsmc_cl013g_rvt_ss_1p08v_125c.db scmetro_tsmc_cl013g_rvt_tt_1p2v_25c.db scmetro_tsmc_cl013g_rvt_ff_1p32v_m40c.db
## Standard Cell & Hard Macros libraries 
set link_library [list * $SSLIB $TTLIB $FFLIB]  
* scmetro_tsmc_cl013g_rvt_ss_1p08v_125c.db scmetro_tsmc_cl013g_rvt_tt_1p2v_25c.db scmetro_tsmc_cl013g_rvt_ff_1p32v_m40c.db
######################## Reading RTL Files #################################
puts "###########################################"
###########################################
puts "#             Reading RTL Files           #"
#             Reading RTL Files           #
puts "###########################################"
###########################################
set file_format verilog
verilog
read_file -format $file_format ARITHMETIC_UNIT.v
Loading db file '/home/IC/Labs/Lab_Syn_3.1/std_cells/scmetro_tsmc_cl013g_rvt_ss_1p08v_125c.db'
Loading db file '/home/IC/Labs/Lab_Syn_3.1/std_cells/scmetro_tsmc_cl013g_rvt_tt_1p2v_25c.db'
Loading db file '/home/IC/Labs/Lab_Syn_3.1/std_cells/scmetro_tsmc_cl013g_rvt_ff_1p32v_m40c.db'
Loading db file '/opt/Synopsys/Synplify2015/libraries/syn/gtech.db'
Loading db file '/opt/Synopsys/Synplify2015/libraries/syn/standard.sldb'
  Loading link library 'scmetro_tsmc_cl013g_rvt_ss_1p08v_125c'
  Loading link library 'scmetro_tsmc_cl013g_rvt_tt_1p2v_25c'
  Loading link library 'scmetro_tsmc_cl013g_rvt_ff_1p32v_m40c'
  Loading link library 'gtech'
Loading verilog file '/home/IC/Labs/Lab_Syn_3.1/rtl/ARITHMETIC_UNIT.v'
Detecting input file type automatically (-rtl or -netlist).
Reading with Presto HDL Compiler (equivalent to -rtl option).
Running PRESTO HDLC
Compiling source file /home/IC/Labs/Lab_Syn_3.1/rtl/ARITHMETIC_UNIT.v

Statistics for case statements in always block at line 33 in file
	'/home/IC/Labs/Lab_Syn_3.1/rtl/ARITHMETIC_UNIT.v'
===============================================
|           Line           |  full/ parallel  |
===============================================
|            38            |    auto/auto     |
===============================================

Inferred memory devices in process
	in routine ARITHMETIC_UNIT line 24 in file
		'/home/IC/Labs/Lab_Syn_3.1/rtl/ARITHMETIC_UNIT.v'.
===============================================================================
|    Register Name    |   Type    | Width | Bus | MB | AR | AS | SR | SS | ST |
===============================================================================
|    Arith_OUT_reg    | Flip-flop |  32   |  Y  | N  | N  | N  | N  | N  | N  |
|    Carry_OUT_reg    | Flip-flop |   1   |  N  | N  | N  | N  | N  | N  | N  |
|   Arith_Flag_reg    | Flip-flop |   1   |  N  | N  | N  | N  | N  | N  | N  |
===============================================================================
Presto compilation completed successfully.
Current design is now '/home/IC/Labs/Lab_Syn_3.1/rtl/ARITHMETIC_UNIT.db:ARITHMETIC_UNIT'
Loaded 1 design.
Current design is 'ARITHMETIC_UNIT'.
ARITHMETIC_UNIT
read_file -format $file_format CMP_UNIT.v
Loading verilog file '/home/IC/Labs/Lab_Syn_3.1/rtl/CMP_UNIT.v'
Detecting input file type automatically (-rtl or -netlist).
Reading with Presto HDL Compiler (equivalent to -rtl option).
Running PRESTO HDLC
Compiling source file /home/IC/Labs/Lab_Syn_3.1/rtl/CMP_UNIT.v

Statistics for case statements in always block at line 26 in file
	'/home/IC/Labs/Lab_Syn_3.1/rtl/CMP_UNIT.v'
===============================================
|           Line           |  full/ parallel  |
===============================================
|            31            |    auto/auto     |
===============================================

Inferred memory devices in process
	in routine CMP_UNIT line 18 in file
		'/home/IC/Labs/Lab_Syn_3.1/rtl/CMP_UNIT.v'.
===============================================================================
|    Register Name    |   Type    | Width | Bus | MB | AR | AS | SR | SS | ST |
===============================================================================
|     CMP_OUT_reg     | Flip-flop |   3   |  Y  | N  | N  | N  | N  | N  | N  |
|    CMP_Flag_reg     | Flip-flop |   1   |  N  | N  | N  | N  | N  | N  | N  |
===============================================================================
Presto compilation completed successfully.
Current design is now '/home/IC/Labs/Lab_Syn_3.1/rtl/CMP_UNIT.db:CMP_UNIT'
Loaded 1 design.
Current design is 'CMP_UNIT'.
CMP_UNIT
read_file -format $file_format Decoder.v
Loading verilog file '/home/IC/Labs/Lab_Syn_3.1/rtl/Decoder.v'
Detecting input file type automatically (-rtl or -netlist).
Reading with Presto HDL Compiler (equivalent to -rtl option).
Running PRESTO HDLC
Compiling source file /home/IC/Labs/Lab_Syn_3.1/rtl/Decoder.v

Statistics for case statements in always block at line 8 in file
	'/home/IC/Labs/Lab_Syn_3.1/rtl/Decoder.v'
===============================================
|           Line           |  full/ parallel  |
===============================================
|            11            |    auto/auto     |
===============================================
Presto compilation completed successfully.
Current design is now '/home/IC/Labs/Lab_Syn_3.1/rtl/Decoder.db:Decoder'
Loaded 1 design.
Current design is 'Decoder'.
Decoder
read_file -format $file_format LOGIC_UNIT.v
Loading verilog file '/home/IC/Labs/Lab_Syn_3.1/rtl/LOGIC_UNIT.v'
Detecting input file type automatically (-rtl or -netlist).
Reading with Presto HDL Compiler (equivalent to -rtl option).
Running PRESTO HDLC
Compiling source file /home/IC/Labs/Lab_Syn_3.1/rtl/LOGIC_UNIT.v

Statistics for case statements in always block at line 29 in file
	'/home/IC/Labs/Lab_Syn_3.1/rtl/LOGIC_UNIT.v'
===============================================
|           Line           |  full/ parallel  |
===============================================
|            34            |    auto/auto     |
===============================================

Inferred memory devices in process
	in routine LOGIC_UNIT line 21 in file
		'/home/IC/Labs/Lab_Syn_3.1/rtl/LOGIC_UNIT.v'.
===============================================================================
|    Register Name    |   Type    | Width | Bus | MB | AR | AS | SR | SS | ST |
===============================================================================
|    Logic_OUT_reg    | Flip-flop |  16   |  Y  | N  | N  | N  | N  | N  | N  |
|   Logic_Flag_reg    | Flip-flop |   1   |  N  | N  | N  | N  | N  | N  | N  |
===============================================================================
Presto compilation completed successfully.
Current design is now '/home/IC/Labs/Lab_Syn_3.1/rtl/LOGIC_UNIT.db:LOGIC_UNIT'
Loaded 1 design.
Current design is 'LOGIC_UNIT'.
LOGIC_UNIT
read_file -format $file_format SHIFT_UNIT.v
Loading verilog file '/home/IC/Labs/Lab_Syn_3.1/rtl/SHIFT_UNIT.v'
Detecting input file type automatically (-rtl or -netlist).
Reading with Presto HDL Compiler (equivalent to -rtl option).
Running PRESTO HDLC
Compiling source file /home/IC/Labs/Lab_Syn_3.1/rtl/SHIFT_UNIT.v

Statistics for case statements in always block at line 30 in file
	'/home/IC/Labs/Lab_Syn_3.1/rtl/SHIFT_UNIT.v'
===============================================
|           Line           |  full/ parallel  |
===============================================
|            35            |    auto/auto     |
===============================================

Inferred memory devices in process
	in routine SHIFT_UNIT line 22 in file
		'/home/IC/Labs/Lab_Syn_3.1/rtl/SHIFT_UNIT.v'.
===============================================================================
|    Register Name    |   Type    | Width | Bus | MB | AR | AS | SR | SS | ST |
===============================================================================
|    Shift_OUT_reg    | Flip-flop |  16   |  Y  | N  | N  | N  | N  | N  | N  |
|   Shift_Flag_reg    | Flip-flop |   1   |  N  | N  | N  | N  | N  | N  | N  |
===============================================================================
Presto compilation completed successfully.
Current design is now '/home/IC/Labs/Lab_Syn_3.1/rtl/SHIFT_UNIT.db:SHIFT_UNIT'
Loaded 1 design.
Current design is 'SHIFT_UNIT'.
SHIFT_UNIT
read_file -format $file_format ALU_TOP.v
Loading verilog file '/home/IC/Labs/Lab_Syn_3.1/rtl/ALU_TOP.v'
Detecting input file type automatically (-rtl or -netlist).
Reading with Presto HDL Compiler (equivalent to -rtl option).
Running PRESTO HDLC
Compiling source file /home/IC/Labs/Lab_Syn_3.1/rtl/ALU_TOP.v
Presto compilation completed successfully.
Current design is now '/home/IC/Labs/Lab_Syn_3.1/rtl/ALU_TOP.db:ALU_TOP'
Loaded 1 design.
Current design is 'ALU_TOP'.
ALU_TOP
###################### Defining toplevel ###################################
current_design $top_module
Current design is 'ALU_TOP'.
{ALU_TOP}
#################### Liniking All The Design Parts #########################
puts "###############################################"
###############################################
puts "######## Liniking All The Design Parts ########"
######## Liniking All The Design Parts ########
puts "###############################################"
###############################################
link 

  Linking design 'ALU_TOP'
  Using the following designs and libraries:
  --------------------------------------------------------------------------
  * (6 designs)               /home/IC/Labs/Lab_Syn_3.1/rtl/ALU_TOP.db, etc
  scmetro_tsmc_cl013g_rvt_ss_1p08v_125c (library) /home/IC/Labs/Lab_Syn_3.1/std_cells/scmetro_tsmc_cl013g_rvt_ss_1p08v_125c.db
  scmetro_tsmc_cl013g_rvt_tt_1p2v_25c (library) /home/IC/Labs/Lab_Syn_3.1/std_cells/scmetro_tsmc_cl013g_rvt_tt_1p2v_25c.db
  scmetro_tsmc_cl013g_rvt_ff_1p32v_m40c (library) /home/IC/Labs/Lab_Syn_3.1/std_cells/scmetro_tsmc_cl013g_rvt_ff_1p32v_m40c.db

1
#################### Liniking All The Design Parts #########################
puts "###############################################"
###############################################
puts "######## checking design consistency ##########"
######## checking design consistency ##########
puts "###############################################"
###############################################
check_design
 
****************************************
check_design summary:
Version:     K-2015.06
Date:        Mon Jan 22 01:22:39 2024
****************************************

                   Name                                            Total
--------------------------------------------------------------------------------
Cells                                                               7
    Cells do not drive (LINT-1)                                     7
--------------------------------------------------------------------------------

Warning: In design 'ARITHMETIC_UNIT', cell 'C109' does not drive any nets. (LINT-1)
Warning: In design 'ARITHMETIC_UNIT', cell 'C110' does not drive any nets. (LINT-1)
Warning: In design 'ARITHMETIC_UNIT', cell 'C111' does not drive any nets. (LINT-1)
Warning: In design 'ARITHMETIC_UNIT', cell 'C112' does not drive any nets. (LINT-1)
Warning: In design 'CMP_UNIT', cell 'C68' does not drive any nets. (LINT-1)
Warning: In design 'CMP_UNIT', cell 'C70' does not drive any nets. (LINT-1)
Warning: In design 'CMP_UNIT', cell 'C72' does not drive any nets. (LINT-1)
1
#################### Define Design Constraints #########################
puts "###############################################"
###############################################
puts "############ Design Constraints #### ##########"
############ Design Constraints #### ##########
puts "###############################################"
###############################################
source ./cons.tcl
Warning: Design rule attributes from the driving cell will be
	set on the port. (UID-401)
Warning: Design rule attributes from the driving cell will be
	set on the port. (UID-401)
Warning: Design rule attributes from the driving cell will be
	set on the port. (UID-401)
Warning: Design rule attributes from the driving cell will be
	set on the port. (UID-401)
Warning: Design rule attributes from the driving cell will be
	set on the port. (UID-401)
Warning: Design rule attributes from the driving cell will be
	set on the port. (UID-401)
Warning: Design rule attributes from the driving cell will be
	set on the port. (UID-401)
Warning: Design rule attributes from the driving cell will be
	set on the port. (UID-401)
Warning: Design rule attributes from the driving cell will be
	set on the port. (UID-401)
Warning: Design rule attributes from the driving cell will be
	set on the port. (UID-401)
Warning: Design rule attributes from the driving cell will be
	set on the port. (UID-401)
Warning: Design rule attributes from the driving cell will be
	set on the port. (UID-401)
Warning: Design rule attributes from the driving cell will be
	set on the port. (UID-401)
Warning: Design rule attributes from the driving cell will be
	set on the port. (UID-401)
Warning: Design rule attributes from the driving cell will be
	set on the port. (UID-401)
Warning: Design rule attributes from the driving cell will be
	set on the port. (UID-401)
Warning: Design rule attributes from the driving cell will be
	set on the port. (UID-401)
Warning: Design rule attributes from the driving cell will be
	set on the port. (UID-401)
Warning: Design rule attributes from the driving cell will be
	set on the port. (UID-401)
Warning: Design rule attributes from the driving cell will be
	set on the port. (UID-401)
Warning: Design rule attributes from the driving cell will be
	set on the port. (UID-401)
Warning: Design rule attributes from the driving cell will be
	set on the port. (UID-401)
Warning: Design rule attributes from the driving cell will be
	set on the port. (UID-401)
Warning: Design rule attributes from the driving cell will be
	set on the port. (UID-401)
Warning: Design rule attributes from the driving cell will be
	set on the port. (UID-401)
Warning: Design rule attributes from the driving cell will be
	set on the port. (UID-401)
Warning: Design rule attributes from the driving cell will be
	set on the port. (UID-401)
Warning: Design rule attributes from the driving cell will be
	set on the port. (UID-401)
Warning: Design rule attributes from the driving cell will be
	set on the port. (UID-401)
Warning: Design rule attributes from the driving cell will be
	set on the port. (UID-401)
Warning: Design rule attributes from the driving cell will be
	set on the port. (UID-401)
Warning: Design rule attributes from the driving cell will be
	set on the port. (UID-401)
Warning: Design rule attributes from the driving cell will be
	set on the port. (UID-401)
Warning: Design rule attributes from the driving cell will be
	set on the port. (UID-401)
Warning: Design rule attributes from the driving cell will be
	set on the port. (UID-401)
Warning: Design rule attributes from the driving cell will be
	set on the port. (UID-401)
Using operating conditions 'scmetro_tsmc_cl013g_rvt_ss_1p08v_125c' found in library 'scmetro_tsmc_cl013g_rvt_ss_1p08v_125c'.
Using operating conditions 'scmetro_tsmc_cl013g_rvt_ff_1p32v_m40c' found in library 'scmetro_tsmc_cl013g_rvt_ff_1p32v_m40c'.
###################### Mapping and optimization ########################
puts "###############################################"
###############################################
puts "########## Mapping & Optimization #############"
########## Mapping & Optimization #############
puts "###############################################"
###############################################
if {$flattened == 0} {
compile 
} else {
compile -ungroup_all 
}
Information: Evaluating DesignWare library utilization. (UISN-27)

============================================================================
| DesignWare Building Block Library  |         Version         | Available |
============================================================================
| Basic DW Building Blocks           | K-2015.06-DWBB_201506.0 |     *     |
| Licensed DW Building Blocks        |                         |           |
============================================================================


Information: There are 7 potential problems in your design. Please run 'check_design' for more information. (LINT-99)


Warning: Operating condition scmetro_tsmc_cl013g_rvt_ss_1p08v_125c set on design ALU_TOP has different process,
voltage and temperatures parameters than the parameters at which target library 
scmetro_tsmc_cl013g_rvt_tt_1p2v_25c is characterized. Delays may be inaccurate as a result. (OPT-998)

  Beginning Pass 1 Mapping
  ------------------------
  Processing 'CMP_UNIT'
Information: The register 'CMP_OUT_reg[2]' is a constant and will be removed. (OPT-1206)
  Processing 'SHIFT_UNIT'
  Processing 'LOGIC_UNIT'
  Processing 'ARITHMETIC_UNIT'
  Processing 'Decoder'
  Processing 'ALU_TOP'

  Updating timing information
Information: Updating design information... (UID-85)

  Beginning Implementation Selection
  ----------------------------------
  Processing 'CMP_UNIT_DW01_cmp6_0'
  Processing 'ARITHMETIC_UNIT_DW_div_uns_0'
  Processing 'ARITHMETIC_UNIT_DW01_sub_0'
  Processing 'ARITHMETIC_UNIT_DW01_add_0'
  Processing 'ARITHMETIC_UNIT_DW02_mult_0'
  Processing 'ARITHMETIC_UNIT_DW01_add_1'

  Beginning Mapping Optimizations  (Medium effort)
  -------------------------------

                                  TOTAL                                      
   ELAPSED            WORST NEG   SETUP    DESIGN                            
    TIME      AREA      SLACK     COST    RULE COST         ENDPOINT         
  --------- --------- --------- --------- --------- -------------------------
    0:00:04  579064.7      0.00       0.0    7699.7                          
    0:00:04  579064.7      0.00       0.0    7699.7                          
    0:00:04  579064.7      0.00       0.0    7699.7                          
    0:00:04  579064.7      0.00       0.0    7699.7                          
    0:00:04  579064.7      0.00       0.0    7699.7                          
    0:00:04  552469.3     23.97      46.6    7656.1                          
    0:00:05  554168.4      6.60       7.6    7643.6                          
    0:00:05  554620.3      4.70       4.7    7623.0                          
    0:00:05  555786.3      1.17       1.2    7623.0                          
    0:00:05  555351.0      0.00       0.0    7623.0                          
    0:00:05  554720.3      3.92       3.9    7623.0                          
    0:00:05  555166.2      1.00       1.0    7623.0                          
    0:00:05  555043.9      1.54       1.5    7623.0                          
    0:00:05  555225.1      0.79       0.8    7623.0                          
    0:00:05  555092.1      1.32       1.3    7623.0                          
    0:00:05  555092.1      1.32       1.3    7623.0                          
    0:00:05  555092.1      1.32       1.3    7623.0                          
    0:00:05  555092.1      1.32       1.3    7623.0                          
    0:00:06  555125.1      0.84       0.8    7619.8                          
    0:00:06  555130.9      0.84       0.8    7618.3                          
    0:00:06  555130.9      0.84       0.8    7618.2                          
    0:00:06  555130.9      0.84       0.8    7618.2                          
    0:00:06  555130.9      0.84       0.8    7618.2                          
    0:00:06  555130.9      0.84       0.8    7618.2                          
    0:00:06  555189.8      0.00       0.0    7618.2                          



  Beginning Delay Optimization Phase
  ----------------------------------

                                  TOTAL                                      
   ELAPSED            WORST NEG   SETUP    DESIGN                            
    TIME      AREA      SLACK     COST    RULE COST         ENDPOINT         
  --------- --------- --------- --------- --------- -------------------------
    0:00:06  555189.8      0.00       0.0    7618.2                          
    0:00:06  555189.8      0.00       0.0    7618.2                          
    0:00:06  555189.8      0.00       0.0    7618.2                          


  Beginning Design Rule Fixing  (max_transition)  (max_capacitance)
  ----------------------------

                                  TOTAL                                      
   ELAPSED            WORST NEG   SETUP    DESIGN                            
    TIME      AREA      SLACK     COST    RULE COST         ENDPOINT         
  --------- --------- --------- --------- --------- -------------------------
    0:00:06  555189.8      0.00       0.0    7618.2                          


  Beginning Area-Recovery Phase  (cleanup)
  -----------------------------

                                  TOTAL                                      
   ELAPSED            WORST NEG   SETUP    DESIGN                            
    TIME      AREA      SLACK     COST    RULE COST         ENDPOINT         
  --------- --------- --------- --------- --------- -------------------------
    0:00:07  555189.8      0.00       0.0    7618.2                          
    0:00:07  555189.8      0.00       0.0    7618.2                          
    0:00:07  551367.4      0.35       0.4    7618.2                          
    0:00:07  551078.0      0.35       0.4    7618.2                          
    0:00:07  551078.0      0.35       0.4    7618.2                          
    0:00:07  551078.0      0.35       0.4    7618.2                          
    0:00:07  551078.0      0.35       0.4    7618.2                          
    0:00:07  551415.6      0.00       0.0    7618.2                          
    0:00:07  551119.1      0.09       0.1    7618.2                          
    0:00:07  551119.1      0.09       0.1    7618.2                          
    0:00:07  551119.1      0.09       0.1    7618.2                          
    0:00:07  551119.1      0.09       0.1    7618.2                          
    0:00:07  551119.1      0.09       0.1    7618.2                          
    0:00:07  551119.1      0.09       0.1    7618.2                          
    0:00:07  551267.3      0.00       0.0    7689.5                          
Loading db file '/home/IC/Labs/Lab_Syn_3.1/std_cells/scmetro_tsmc_cl013g_rvt_ss_1p08v_125c.db'
Loading db file '/home/IC/Labs/Lab_Syn_3.1/std_cells/scmetro_tsmc_cl013g_rvt_tt_1p2v_25c.db'
Loading db file '/home/IC/Labs/Lab_Syn_3.1/std_cells/scmetro_tsmc_cl013g_rvt_ff_1p32v_m40c.db'


Note: Symbol # after min delay cost means estimated hold TNS across all active scenarios 


  Optimization Complete
  ---------------------
1
#############################################################################
# Write out Design after initial compile
#############################################################################
#Avoid Writing assign statements in the netlist
change_name -hier -rule verilog
Warning: The specified replacement character (_) is conflicting with the specified allowed or restricted character.   (UCN-4)
1
if {$flattened == 0} {
write_file -format verilog -hierarchy -output ALU_mapped_hierarchy.v
} else {
write_file -format verilog -hierarchy -output ALU_mapped_flattened.v
}
Writing verilog file '/home/IC/Labs/Lab_Syn_3.1/syn/ALU_mapped_hierarchy.v'.
1
####################### reporting ##########################################
if {$flattened == 0} {
report_area -hierarchy > area_hierarchy.rpt
} else {
report_area -hierarchy > area_flattened.rpt
}
################# starting graphical user interface #######################
#gui_start
#exit
dc_shell> exit

Memory usage for main task 268 Mbytes.
Memory usage for this session 268 Mbytes.
CPU usage for this session 10 seconds ( 0.00 hours ).

Thank you...
