 
****************************************
Report : area
Design : ALU_TOP
Version: K-2015.06
Date   : Mon Jul 29 22:55:50 2024
****************************************

Information: Updating design information... (UID-85)
Library(s) Used:

    scmetro_tsmc_cl013g_rvt_ss_1p08v_125c (File: /home/IC/Labs/Lab_DFT_1/std_cells/scmetro_tsmc_cl013g_rvt_ss_1p08v_125c.db)

Number of ports:                          726
Number of nets:                          2675
Number of cells:                         1739
Number of combinational cells:           1604
Number of sequential cells:               122
Number of macros/black boxes:               0
Number of buf/inv:                        439
Number of references:                      22

Combinational area:              21531.256705
Buf/Inv area:                     3365.362019
Noncombinational area:            2832.316879
Macro/Black Box area:                0.000000
Net Interconnect area:          562942.845184

Total cell area:                 24363.573584
Total area:                     587306.418768

Hierarchical area distribution
------------------------------

                                  Global cell area            Local cell area
                                  -------------------  ----------------------------- 
Hierarchical cell                 Absolute    Percent  Combi-      Noncombi-  Black-
                                  Total       Total    national    national   boxes   Design
--------------------------------  ----------  -------  ----------  ---------  ------  ----------------------------
ALU_TOP                           24363.5736    100.0    556.5791     0.0000  0.0000  ALU_TOP
U0                                   43.5379      0.2     43.5379     0.0000  0.0000  Decoder
U0_ARITHMETIC_UNIT                20019.1972     82.2   1190.8204  1221.4146  0.0000  ARITHMETIC_UNIT_test_1
U0_ARITHMETIC_UNIT/add_51           476.5635      2.0    476.5635     0.0000  0.0000  ARITHMETIC_UNIT_DW01_add_0
U0_ARITHMETIC_UNIT/div_63          7467.3382     30.6   7467.3382     0.0000  0.0000  ARITHMETIC_UNIT_DW_div_uns_0
U0_ARITHMETIC_UNIT/mult_59         9126.4852     37.5   8573.4362     0.0000  0.0000  ARITHMETIC_UNIT_DW02_mult_0
U0_ARITHMETIC_UNIT/mult_59/FS_1     553.0490      2.3    553.0490     0.0000  0.0000  ARITHMETIC_UNIT_DW01_add_1
U0_ARITHMETIC_UNIT/sub_55           536.5752      2.2    536.5752     0.0000  0.0000  ARITHMETIC_UNIT_DW01_sub_0
U0_CMP_UNIT                         640.1248      2.6     84.7224   130.6137  0.0000  CMP_UNIT_test_1
U0_CMP_UNIT/r57                     424.7887      1.7    424.7887     0.0000  0.0000  CMP_UNIT_DW01_cmp6_0
U0_LOGIC_UNIT                      1676.7975      6.9    936.6532   740.1443  0.0000  LOGIC_UNIT_test_1
U0_SHIFT_UNIT                      1400.2730      5.7    660.1287   740.1443  0.0000  SHIFT_UNIT_test_1
U0_clk_mux                           15.2971      0.1     15.2971     0.0000  0.0000  mux2X1_1
U0_rst_mux                           11.7670      0.0     11.7670     0.0000  0.0000  mux2X1_0
--------------------------------  ----------  -------  ----------  ---------  ------  ----------------------------
Total                                                  21531.2567  2832.3169  0.0000

1
