 
****************************************
Report : timing
        -path full
        -delay min
        -max_paths 1
Design : ALU_TOP
Version: K-2015.06
Date   : Mon Jul 29 22:55:51 2024
****************************************

Operating Conditions: scmetro_tsmc_cl013g_rvt_ff_1p32v_m40c   Library: scmetro_tsmc_cl013g_rvt_ff_1p32v_m40c
Wire Load Model Mode: top

  Startpoint: U0_ARITHMETIC_UNIT/Arith_OUT_reg_0_
              (rising edge-triggered flip-flop clocked by CLK)
  Endpoint: U0_ARITHMETIC_UNIT/Arith_OUT_reg_1_
            (rising edge-triggered flip-flop clocked by CLK)
  Path Group: CLK
  Path Type: min

  Des/Clust/Port     Wire Load Model       Library
  ------------------------------------------------
  ALU_TOP            tsmc13_wl30           scmetro_tsmc_cl013g_rvt_ss_1p08v_125c

  Point                                                   Incr       Path
  --------------------------------------------------------------------------
  clock CLK (rise edge)                                   0.00       0.00
  clock network delay (ideal)                             0.00       0.00
  U0_ARITHMETIC_UNIT/Arith_OUT_reg_0_/CK (SDFFRHQX8M)     0.00       0.00 r
  U0_ARITHMETIC_UNIT/Arith_OUT_reg_0_/Q (SDFFRHQX8M)      0.74       0.74 f
  U0_ARITHMETIC_UNIT/Arith_OUT_reg_1_/SI (SDFFRHQX8M)     0.00       0.74 f
  data arrival time                                                  0.74

  clock CLK (rise edge)                                   0.00       0.00
  clock network delay (ideal)                             0.00       0.00
  clock uncertainty                                       0.10       0.10
  U0_ARITHMETIC_UNIT/Arith_OUT_reg_1_/CK (SDFFRHQX8M)     0.00       0.10 r
  library hold time                                      -0.46      -0.36
  data required time                                                -0.36
  --------------------------------------------------------------------------
  data required time                                                -0.36
  data arrival time                                                 -0.74
  --------------------------------------------------------------------------
  slack (MET)                                                        1.09


1
