 
****************************************
Report : timing
        -path full
        -delay max
        -max_paths 1
Design : ALU_TOP
Version: K-2015.06
Date   : Mon Jul 29 22:55:51 2024
****************************************

Operating Conditions: scmetro_tsmc_cl013g_rvt_ss_1p08v_125c   Library: scmetro_tsmc_cl013g_rvt_ss_1p08v_125c
Wire Load Model Mode: top

  Startpoint: B[2] (input port clocked by CLK)
  Endpoint: U0_ARITHMETIC_UNIT/Arith_OUT_reg_0_
            (rising edge-triggered flip-flop clocked by CLK)
  Path Group: CLK
  Path Type: max

  Des/Clust/Port     Wire Load Model       Library
  ------------------------------------------------
  ALU_TOP            tsmc13_wl30           scmetro_tsmc_cl013g_rvt_ss_1p08v_125c

  Point                                                   Incr       Path
  --------------------------------------------------------------------------
  clock CLK (rise edge)                                   0.00       0.00
  clock network delay (ideal)                             0.00       0.00
  input external delay                                   20.00      20.00 r
  B[2] (in)                                               0.17      20.17 r
  U16/Y (CLKBUFX6M)                                       0.84      21.02 r
  U0_ARITHMETIC_UNIT/B[2] (ARITHMETIC_UNIT_test_1)        0.00      21.02 r
  U0_ARITHMETIC_UNIT/div_63/b[2] (ARITHMETIC_UNIT_DW_div_uns_0)
                                                          0.00      21.02 r
  U0_ARITHMETIC_UNIT/div_63/U171/Y (INVX2M)               0.34      21.36 f
  U0_ARITHMETIC_UNIT/div_63/U54/Y (CLKBUFX8M)             0.97      22.33 f
  U0_ARITHMETIC_UNIT/div_63/U2/Y (AND4X8M)                0.63      22.96 f
  U0_ARITHMETIC_UNIT/div_63/U1/Y (MX2X8M)                 0.34      23.29 r
  U0_ARITHMETIC_UNIT/div_63/u_div_u_fa_PartRem_0_14_1/CO (ADDFX2M)
                                                          0.66      23.95 r
  U0_ARITHMETIC_UNIT/div_63/U18/Y (AND3X1M)               0.49      24.44 r
  U0_ARITHMETIC_UNIT/div_63/U17/Y (BUFX10M)               0.26      24.71 r
  U0_ARITHMETIC_UNIT/div_63/U206/Y (CLKMX2X2M)            0.61      25.31 f
  U0_ARITHMETIC_UNIT/div_63/u_div_u_fa_PartRem_0_13_1/CO (ADDFX2M)
                                                          0.73      26.04 f
  U0_ARITHMETIC_UNIT/div_63/u_div_u_fa_PartRem_0_13_2/CO (ADDFX2M)
                                                          0.50      26.54 f
  U0_ARITHMETIC_UNIT/div_63/U48/Y (CLKAND2X4M)            0.57      27.12 f
  U0_ARITHMETIC_UNIT/div_63/U209/Y (CLKMX2X2M)            0.69      27.81 f
  U0_ARITHMETIC_UNIT/div_63/u_div_u_fa_PartRem_0_12_1/CO (ADDFX2M)
                                                          0.73      28.54 f
  U0_ARITHMETIC_UNIT/div_63/u_div_u_fa_PartRem_0_12_2/CO (ADDFX2M)
                                                          0.52      29.06 f
  U0_ARITHMETIC_UNIT/div_63/u_div_u_fa_PartRem_0_12_3/CO (ADDFHX4M)
                                                          0.35      29.40 f
  U0_ARITHMETIC_UNIT/div_63/U8/Y (AND3X12M)               0.32      29.72 f
  U0_ARITHMETIC_UNIT/div_63/U210/Y (CLKMX2X2M)            0.57      30.29 f
  U0_ARITHMETIC_UNIT/div_63/u_div_u_fa_PartRem_0_11_1/CO (ADDFX2M)
                                                          0.73      31.02 f
  U0_ARITHMETIC_UNIT/div_63/u_div_u_fa_PartRem_0_11_2/CO (ADDFX2M)
                                                          0.55      31.57 f
  U0_ARITHMETIC_UNIT/div_63/u_div_u_fa_PartRem_0_11_3/CO (ADDFHX8M)
                                                          0.30      31.88 f
  U0_ARITHMETIC_UNIT/div_63/u_div_u_fa_PartRem_0_11_4/CO (ADDFX2M)
                                                          0.48      32.36 f
  U0_ARITHMETIC_UNIT/div_63/U9/Y (AND2X12M)               0.30      32.66 f
  U0_ARITHMETIC_UNIT/div_63/U211/Y (CLKMX2X2M)            0.58      33.24 f
  U0_ARITHMETIC_UNIT/div_63/u_div_u_fa_PartRem_0_10_1/CO (ADDFX2M)
                                                          0.73      33.97 f
  U0_ARITHMETIC_UNIT/div_63/u_div_u_fa_PartRem_0_10_2/CO (ADDFX2M)
                                                          0.55      34.51 f
  U0_ARITHMETIC_UNIT/div_63/u_div_u_fa_PartRem_0_10_3/CO (ADDFHX8M)
                                                          0.30      34.82 f
  U0_ARITHMETIC_UNIT/div_63/u_div_u_fa_PartRem_0_10_4/CO (ADDFX2M)
                                                          0.47      35.29 f
  U0_ARITHMETIC_UNIT/div_63/u_div_u_fa_PartRem_0_10_5/CO (ADDFX2M)
                                                          0.50      35.79 f
  U0_ARITHMETIC_UNIT/div_63/U47/Y (CLKAND2X6M)            0.63      36.42 f
  U0_ARITHMETIC_UNIT/div_63/U212/Y (CLKMX2X2M)            0.71      37.13 f
  U0_ARITHMETIC_UNIT/div_63/u_div_u_fa_PartRem_0_9_1/CO (ADDFX2M)
                                                          0.73      37.86 f
  U0_ARITHMETIC_UNIT/div_63/u_div_u_fa_PartRem_0_9_2/CO (ADDFX2M)
                                                          0.55      38.41 f
  U0_ARITHMETIC_UNIT/div_63/u_div_u_fa_PartRem_0_9_3/CO (ADDFHX8M)
                                                          0.30      38.71 f
  U0_ARITHMETIC_UNIT/div_63/u_div_u_fa_PartRem_0_9_4/CO (ADDFX2M)
                                                          0.47      39.18 f
  U0_ARITHMETIC_UNIT/div_63/u_div_u_fa_PartRem_0_9_5/CO (ADDFX2M)
                                                          0.55      39.73 f
  U0_ARITHMETIC_UNIT/div_63/u_div_u_fa_PartRem_0_9_6/CO (ADDFHX8M)
                                                          0.30      40.03 f
  U0_ARITHMETIC_UNIT/div_63/U49/Y (CLKAND2X6M)            0.67      40.71 f
  U0_ARITHMETIC_UNIT/div_63/U56/Y (MX2X3M)                0.51      41.21 f
  U0_ARITHMETIC_UNIT/div_63/u_div_u_fa_PartRem_0_8_1/CO (ADDFX2M)
                                                          0.63      41.84 f
  U0_ARITHMETIC_UNIT/div_63/u_div_u_fa_PartRem_0_8_2/CO (ADDFX2M)
                                                          0.55      42.39 f
  U0_ARITHMETIC_UNIT/div_63/u_div_u_fa_PartRem_0_8_3/CO (ADDFHX8M)
                                                          0.30      42.70 f
  U0_ARITHMETIC_UNIT/div_63/u_div_u_fa_PartRem_0_8_4/CO (ADDFX2M)
                                                          0.47      43.16 f
  U0_ARITHMETIC_UNIT/div_63/u_div_u_fa_PartRem_0_8_5/CO (ADDFX2M)
                                                          0.52      43.68 f
  U0_ARITHMETIC_UNIT/div_63/u_div_u_fa_PartRem_0_8_6/CO (ADDFHX4M)
                                                          0.33      44.02 f
  U0_ARITHMETIC_UNIT/div_63/u_div_u_fa_PartRem_0_8_7/CO (ADDFX2M)
                                                          0.47      44.49 f
  U0_ARITHMETIC_UNIT/div_63/U134/Y (AND2X1M)              0.45      44.93 f
  U0_ARITHMETIC_UNIT/div_63/U29/Y (BUFX24M)               0.28      45.21 f
  U0_ARITHMETIC_UNIT/div_63/U24/Y (MX2X1M)                0.72      45.94 r
  U0_ARITHMETIC_UNIT/div_63/u_div_u_fa_PartRem_0_7_1/CO (ADDFX2M)
                                                          0.74      46.68 r
  U0_ARITHMETIC_UNIT/div_63/u_div_u_fa_PartRem_0_7_2/CO (ADDFX2M)
                                                          0.47      47.14 r
  U0_ARITHMETIC_UNIT/div_63/u_div_u_fa_PartRem_0_7_3/CO (ADDFX2M)
                                                          0.47      47.61 r
  U0_ARITHMETIC_UNIT/div_63/u_div_u_fa_PartRem_0_7_4/CO (ADDFX2M)
                                                          0.47      48.08 r
  U0_ARITHMETIC_UNIT/div_63/u_div_u_fa_PartRem_0_7_5/CO (ADDFX2M)
                                                          0.53      48.61 r
  U0_ARITHMETIC_UNIT/div_63/u_div_u_fa_PartRem_0_7_6/CO (ADDFHX8M)
                                                          0.25      48.85 r
  U0_ARITHMETIC_UNIT/div_63/u_div_u_fa_PartRem_0_7_7/CO (ADDFX2M)
                                                          0.42      49.28 r
  U0_ARITHMETIC_UNIT/div_63/u_div_u_fa_PartRem_0_7_8/CO (ADDFX2M)
                                                          0.48      49.76 r
  U0_ARITHMETIC_UNIT/div_63/U15/Y (CLKAND2X12M)           0.27      50.02 r
  U0_ARITHMETIC_UNIT/div_63/U30/Y (BUFX18M)               0.31      50.33 r
  U0_ARITHMETIC_UNIT/div_63/U178/Y (CLKMX2X2M)            0.64      50.97 f
  U0_ARITHMETIC_UNIT/div_63/u_div_u_fa_PartRem_0_6_1/CO (ADDFX2M)
                                                          0.73      51.70 f
  U0_ARITHMETIC_UNIT/div_63/u_div_u_fa_PartRem_0_6_2/CO (ADDFX2M)
                                                          0.51      52.21 f
  U0_ARITHMETIC_UNIT/div_63/u_div_u_fa_PartRem_0_6_3/CO (ADDFHX2M)
                                                          0.40      52.61 f
  U0_ARITHMETIC_UNIT/div_63/u_div_u_fa_PartRem_0_6_4/CO (ADDFHX4M)
                                                          0.35      52.96 f
  U0_ARITHMETIC_UNIT/div_63/u_div_u_fa_PartRem_0_6_5/CO (ADDFHX8M)
                                                          0.29      53.25 f
  U0_ARITHMETIC_UNIT/div_63/u_div_u_fa_PartRem_0_6_6/CO (ADDFHX8M)
                                                          0.27      53.52 f
  U0_ARITHMETIC_UNIT/div_63/u_div_u_fa_PartRem_0_6_7/CO (ADDFX2M)
                                                          0.48      54.00 f
  U0_ARITHMETIC_UNIT/div_63/u_div_u_fa_PartRem_0_6_8/CO (ADDFHX4M)
                                                          0.36      54.36 f
  U0_ARITHMETIC_UNIT/div_63/u_div_u_fa_PartRem_0_6_9/CO (ADDFHX8M)
                                                          0.27      54.63 f
  U0_ARITHMETIC_UNIT/div_63/U31/Y (AND3XLM)               0.60      55.23 f
  U0_ARITHMETIC_UNIT/div_63/U19/Y (BUFX20M)               0.36      55.59 f
  U0_ARITHMETIC_UNIT/div_63/U180/Y (CLKMX2X2M)            0.58      56.16 f
  U0_ARITHMETIC_UNIT/div_63/u_div_u_fa_PartRem_0_5_1/CO (ADDFX2M)
                                                          0.73      56.89 f
  U0_ARITHMETIC_UNIT/div_63/u_div_u_fa_PartRem_0_5_2/CO (ADDFX2M)
                                                          0.51      57.40 f
  U0_ARITHMETIC_UNIT/div_63/u_div_u_fa_PartRem_0_5_3/CO (ADDFX2M)
                                                          0.51      57.91 f
  U0_ARITHMETIC_UNIT/div_63/u_div_u_fa_PartRem_0_5_4/CO (ADDFX2M)
                                                          0.51      58.41 f
  U0_ARITHMETIC_UNIT/div_63/u_div_u_fa_PartRem_0_5_5/CO (ADDFX2M)
                                                          0.55      58.96 f
  U0_ARITHMETIC_UNIT/div_63/u_div_u_fa_PartRem_0_5_6/CO (ADDFHX8M)
                                                          0.30      59.27 f
  U0_ARITHMETIC_UNIT/div_63/u_div_u_fa_PartRem_0_5_7/CO (ADDFX2M)
                                                          0.47      59.74 f
  U0_ARITHMETIC_UNIT/div_63/u_div_u_fa_PartRem_0_5_8/CO (ADDFX2M)
                                                          0.52      60.26 f
  U0_ARITHMETIC_UNIT/div_63/u_div_u_fa_PartRem_0_5_9/CO (ADDFHX4M)
                                                          0.34      60.60 f
  U0_ARITHMETIC_UNIT/div_63/u_div_u_fa_PartRem_0_5_10/CO (ADDFHX4M)
                                                          0.30      60.90 f
  U0_ARITHMETIC_UNIT/div_63/U135/Y (AND2X1M)              0.41      61.31 f
  U0_ARITHMETIC_UNIT/div_63/U43/Y (CLKBUFX40M)            0.32      61.63 f
  U0_ARITHMETIC_UNIT/div_63/U38/Y (MX2X8M)                0.36      61.99 f
  U0_ARITHMETIC_UNIT/div_63/u_div_u_fa_PartRem_0_4_1/CO (ADDFX2M)
                                                          0.61      62.60 f
  U0_ARITHMETIC_UNIT/div_63/u_div_u_fa_PartRem_0_4_2/CO (ADDFX2M)
                                                          0.51      63.11 f
  U0_ARITHMETIC_UNIT/div_63/u_div_u_fa_PartRem_0_4_3/CO (ADDFHX2M)
                                                          0.39      63.50 f
  U0_ARITHMETIC_UNIT/div_63/u_div_u_fa_PartRem_0_4_4/CO (ADDFX2M)
                                                          0.49      63.99 f
  U0_ARITHMETIC_UNIT/div_63/u_div_u_fa_PartRem_0_4_5/CO (ADDFHX2M)
                                                          0.39      64.38 f
  U0_ARITHMETIC_UNIT/div_63/u_div_u_fa_PartRem_0_4_6/CO (ADDFX2M)
                                                          0.49      64.87 f
  U0_ARITHMETIC_UNIT/div_63/u_div_u_fa_PartRem_0_4_7/CO (ADDFX2M)
                                                          0.51      65.38 f
  U0_ARITHMETIC_UNIT/div_63/u_div_u_fa_PartRem_0_4_8/CO (ADDFX2M)
                                                          0.51      65.88 f
  U0_ARITHMETIC_UNIT/div_63/u_div_u_fa_PartRem_0_4_9/CO (ADDFX2M)
                                                          0.51      66.39 f
  U0_ARITHMETIC_UNIT/div_63/u_div_u_fa_PartRem_0_4_10/CO (ADDFX2M)
                                                          0.55      66.94 f
  U0_ARITHMETIC_UNIT/div_63/u_div_u_fa_PartRem_0_4_11/CO (ADDFHX8M)
                                                          0.30      67.24 f
  U0_ARITHMETIC_UNIT/div_63/U37/Y (AND2X1M)               0.37      67.61 f
  U0_ARITHMETIC_UNIT/div_63/U20/Y (BUFX10M)               0.23      67.84 f
  U0_ARITHMETIC_UNIT/div_63/U184/Y (CLKMX2X2M)            0.55      68.39 f
  U0_ARITHMETIC_UNIT/div_63/u_div_u_fa_PartRem_0_3_1/CO (ADDFX2M)
                                                          0.73      69.12 f
  U0_ARITHMETIC_UNIT/div_63/u_div_u_fa_PartRem_0_3_2/CO (ADDFX2M)
                                                          0.51      69.63 f
  U0_ARITHMETIC_UNIT/div_63/u_div_u_fa_PartRem_0_3_3/CO (ADDFX2M)
                                                          0.51      70.13 f
  U0_ARITHMETIC_UNIT/div_63/u_div_u_fa_PartRem_0_3_4/CO (ADDFX2M)
                                                          0.51      70.64 f
  U0_ARITHMETIC_UNIT/div_63/u_div_u_fa_PartRem_0_3_5/CO (ADDFX2M)
                                                          0.51      71.15 f
  U0_ARITHMETIC_UNIT/div_63/u_div_u_fa_PartRem_0_3_6/CO (ADDFX2M)
                                                          0.51      71.65 f
  U0_ARITHMETIC_UNIT/div_63/u_div_u_fa_PartRem_0_3_7/CO (ADDFX2M)
                                                          0.51      72.16 f
  U0_ARITHMETIC_UNIT/div_63/u_div_u_fa_PartRem_0_3_8/CO (ADDFX2M)
                                                          0.51      72.67 f
  U0_ARITHMETIC_UNIT/div_63/u_div_u_fa_PartRem_0_3_9/CO (ADDFX2M)
                                                          0.51      73.17 f
  U0_ARITHMETIC_UNIT/div_63/u_div_u_fa_PartRem_0_3_10/CO (ADDFX2M)
                                                          0.51      73.68 f
  U0_ARITHMETIC_UNIT/div_63/u_div_u_fa_PartRem_0_3_11/CO (ADDFX2M)
                                                          0.52      74.20 f
  U0_ARITHMETIC_UNIT/div_63/u_div_u_fa_PartRem_0_3_12/CO (ADDFHX4M)
                                                          0.33      74.53 f
  U0_ARITHMETIC_UNIT/div_63/U33/Y (AND3X1M)               0.50      75.02 f
  U0_ARITHMETIC_UNIT/div_63/U32/Y (BUFX20M)               0.33      75.36 f
  U0_ARITHMETIC_UNIT/div_63/U186/Y (CLKMX2X2M)            0.59      75.95 f
  U0_ARITHMETIC_UNIT/div_63/u_div_u_fa_PartRem_0_2_1/CO (ADDFX2M)
                                                          0.73      76.68 f
  U0_ARITHMETIC_UNIT/div_63/u_div_u_fa_PartRem_0_2_2/CO (ADDFX2M)
                                                          0.51      77.18 f
  U0_ARITHMETIC_UNIT/div_63/u_div_u_fa_PartRem_0_2_3/CO (ADDFX2M)
                                                          0.51      77.69 f
  U0_ARITHMETIC_UNIT/div_63/u_div_u_fa_PartRem_0_2_4/CO (ADDFX2M)
                                                          0.51      78.19 f
  U0_ARITHMETIC_UNIT/div_63/u_div_u_fa_PartRem_0_2_5/CO (ADDFX2M)
                                                          0.51      78.70 f
  U0_ARITHMETIC_UNIT/div_63/u_div_u_fa_PartRem_0_2_6/CO (ADDFX2M)
                                                          0.51      79.21 f
  U0_ARITHMETIC_UNIT/div_63/u_div_u_fa_PartRem_0_2_7/CO (ADDFX2M)
                                                          0.51      79.71 f
  U0_ARITHMETIC_UNIT/div_63/u_div_u_fa_PartRem_0_2_8/CO (ADDFX2M)
                                                          0.51      80.22 f
  U0_ARITHMETIC_UNIT/div_63/u_div_u_fa_PartRem_0_2_9/CO (ADDFX2M)
                                                          0.51      80.73 f
  U0_ARITHMETIC_UNIT/div_63/u_div_u_fa_PartRem_0_2_10/CO (ADDFX2M)
                                                          0.51      81.23 f
  U0_ARITHMETIC_UNIT/div_63/u_div_u_fa_PartRem_0_2_11/CO (ADDFX2M)
                                                          0.51      81.74 f
  U0_ARITHMETIC_UNIT/div_63/u_div_u_fa_PartRem_0_2_12/CO (ADDFX2M)
                                                          0.51      82.24 f
  U0_ARITHMETIC_UNIT/div_63/u_div_u_fa_PartRem_0_2_13/CO (ADDFX2M)
                                                          0.51      82.75 f
  U0_ARITHMETIC_UNIT/div_63/U35/Y (CLKAND2X8M)            0.30      83.06 f
  U0_ARITHMETIC_UNIT/div_63/U34/Y (BUFX32M)               0.21      83.27 f
  U0_ARITHMETIC_UNIT/div_63/U188/Y (CLKMX2X2M)            0.56      83.82 f
  U0_ARITHMETIC_UNIT/div_63/u_div_u_fa_PartRem_0_1_1/CO (ADDFX2M)
                                                          0.73      84.56 f
  U0_ARITHMETIC_UNIT/div_63/u_div_u_fa_PartRem_0_1_2/CO (ADDFX2M)
                                                          0.51      85.06 f
  U0_ARITHMETIC_UNIT/div_63/u_div_u_fa_PartRem_0_1_3/CO (ADDFX2M)
                                                          0.55      85.61 f
  U0_ARITHMETIC_UNIT/div_63/u_div_u_fa_PartRem_0_1_4/CO (ADDFHX8M)
                                                          0.32      85.93 f
  U0_ARITHMETIC_UNIT/div_63/u_div_u_fa_PartRem_0_1_5/CO (ADDFHX8M)
                                                          0.28      86.22 f
  U0_ARITHMETIC_UNIT/div_63/u_div_u_fa_PartRem_0_1_6/CO (ADDFHX8M)
                                                          0.27      86.48 f
  U0_ARITHMETIC_UNIT/div_63/u_div_u_fa_PartRem_0_1_7/CO (ADDFX2M)
                                                          0.47      86.95 f
  U0_ARITHMETIC_UNIT/div_63/u_div_u_fa_PartRem_0_1_8/CO (ADDFX2M)
                                                          0.51      87.46 f
  U0_ARITHMETIC_UNIT/div_63/u_div_u_fa_PartRem_0_1_9/CO (ADDFX2M)
                                                          0.55      88.01 f
  U0_ARITHMETIC_UNIT/div_63/u_div_u_fa_PartRem_0_1_10/CO (ADDFHX8M)
                                                          0.30      88.31 f
  U0_ARITHMETIC_UNIT/div_63/u_div_u_fa_PartRem_0_1_11/CO (ADDFX2M)
                                                          0.47      88.78 f
  U0_ARITHMETIC_UNIT/div_63/u_div_u_fa_PartRem_0_1_12/CO (ADDFX2M)
                                                          0.51      89.29 f
  U0_ARITHMETIC_UNIT/div_63/u_div_u_fa_PartRem_0_1_13/CO (ADDFX2M)
                                                          0.51      89.79 f
  U0_ARITHMETIC_UNIT/div_63/u_div_u_fa_PartRem_0_1_14/CO (ADDFX2M)
                                                          0.50      90.29 f
  U0_ARITHMETIC_UNIT/div_63/U137/Y (AND2X2M)              0.39      90.68 f
  U0_ARITHMETIC_UNIT/div_63/U51/Y (BUFX10M)               0.33      91.01 f
  U0_ARITHMETIC_UNIT/div_63/U189/Y (CLKMX2X2M)            0.42      91.43 f
  U0_ARITHMETIC_UNIT/div_63/u_div_u_fa_PartRem_0_0_1/CO (ADDFX2M)
                                                          0.66      92.09 f
  U0_ARITHMETIC_UNIT/div_63/u_div_u_fa_PartRem_0_0_2/CO (ADDFX2M)
                                                          0.55      92.64 f
  U0_ARITHMETIC_UNIT/div_63/u_div_u_fa_PartRem_0_0_3/CO (ADDFHX8M)
                                                          0.32      92.96 f
  U0_ARITHMETIC_UNIT/div_63/u_div_u_fa_PartRem_0_0_4/CO (ADDFHX8M)
                                                          0.27      93.23 f
  U0_ARITHMETIC_UNIT/div_63/u_div_u_fa_PartRem_0_0_5/CO (ADDFHX4M)
                                                          0.30      93.53 f
  U0_ARITHMETIC_UNIT/div_63/u_div_u_fa_PartRem_0_0_6/CO (ADDFX2M)
                                                          0.48      94.01 f
  U0_ARITHMETIC_UNIT/div_63/u_div_u_fa_PartRem_0_0_7/CO (ADDFX2M)
                                                          0.51      94.51 f
  U0_ARITHMETIC_UNIT/div_63/u_div_u_fa_PartRem_0_0_8/CO (ADDFX2M)
                                                          0.51      95.02 f
  U0_ARITHMETIC_UNIT/div_63/u_div_u_fa_PartRem_0_0_9/CO (ADDFX2M)
                                                          0.51      95.53 f
  U0_ARITHMETIC_UNIT/div_63/u_div_u_fa_PartRem_0_0_10/CO (ADDFX2M)
                                                          0.51      96.03 f
  U0_ARITHMETIC_UNIT/div_63/u_div_u_fa_PartRem_0_0_11/CO (ADDFX2M)
                                                          0.51      96.54 f
  U0_ARITHMETIC_UNIT/div_63/u_div_u_fa_PartRem_0_0_12/CO (ADDFX2M)
                                                          0.51      97.05 f
  U0_ARITHMETIC_UNIT/div_63/u_div_u_fa_PartRem_0_0_13/CO (ADDFX2M)
                                                          0.51      97.55 f
  U0_ARITHMETIC_UNIT/div_63/u_div_u_fa_PartRem_0_0_14/CO (ADDFX2M)
                                                          0.51      98.06 f
  U0_ARITHMETIC_UNIT/div_63/u_div_u_fa_PartRem_0_0_15/CO (ADDFX2M)
                                                          0.50      98.56 f
  U0_ARITHMETIC_UNIT/div_63/quotient[0] (ARITHMETIC_UNIT_DW_div_uns_0)
                                                          0.00      98.56 f
  U0_ARITHMETIC_UNIT/U41/Y (AO22X1M)                      0.58      99.14 f
  U0_ARITHMETIC_UNIT/U40/Y (OR2X2M)                       0.35      99.48 f
  U0_ARITHMETIC_UNIT/Arith_OUT_reg_0_/D (SDFFRHQX8M)      0.00      99.48 f
  data arrival time                                                 99.48

  clock CLK (rise edge)                                 100.00     100.00
  clock network delay (ideal)                             0.00     100.00
  clock uncertainty                                      -0.20      99.80
  U0_ARITHMETIC_UNIT/Arith_OUT_reg_0_/CK (SDFFRHQX8M)     0.00      99.80 r
  library setup time                                     -0.27      99.53
  data required time                                                99.53
  --------------------------------------------------------------------------
  data required time                                                99.53
  data arrival time                                                -99.48
  --------------------------------------------------------------------------
  slack (MET)                                                        0.04


1
