 
****************************************
Report : area
Design : UART_TX
Version: K-2015.06
Date   : Fri Sep 12 02:26:47 2025
****************************************

Library(s) Used:

    scmetro_tsmc_cl013g_rvt_ss_1p08v_125c (File: /home/IC/Labs/Ass_Syn_2.0/std_cells/scmetro_tsmc_cl013g_rvt_ss_1p08v_125c.db)

Number of ports:                           61
Number of nets:                           141
Number of cells:                           85
Number of combinational cells:             63
Number of sequential cells:                18
Number of macros/black boxes:               0
Number of buf/inv:                         11
Number of references:                       4

Combinational area:                489.507206
Buf/Inv area:                       52.951501
Noncombinational area:             481.270298
Macro/Black Box area:                0.000000
Net Interconnect area:           31640.159851

Total cell area:                   970.777504
Total area:                      32610.937356

Hierarchical area distribution
------------------------------

                                  Global cell area          Local cell area
                                  ------------------  --------------------------- 
Hierarchical cell                 Absolute   Percent  Combi-    Noncombi-  Black-
                                  Total      Total    national  national   boxes   Design
--------------------------------  ---------  -------  --------  ---------  ------  -----------
UART_TX                            970.7775    100.0    0.0000     0.0000  0.0000  UART_TX
U0_FSM                             214.1594     22.1  129.4370    84.7224  0.0000  FSM
U0_MUX                              34.1243      3.5   34.1243     0.0000  0.0000  MUX
U0_Parity_Calc                     124.7302     12.8   98.8428    25.8874  0.0000  parity_Calc
U0_Serializer                      597.7636     61.6  227.1031   370.6605  0.0000  Serializer
--------------------------------  ---------  -------  --------  ---------  ------  -----------
Total                                                 489.5072   481.2703  0.0000

1
