 
****************************************
Report : timing
        -path full
        -delay min
        -max_paths 100
Design : UART_TX
Version: K-2015.06
Date   : Fri Sep 12 02:26:48 2025
****************************************

Operating Conditions: scmetro_tsmc_cl013g_rvt_ff_1p32v_m40c   Library: scmetro_tsmc_cl013g_rvt_ff_1p32v_m40c
Wire Load Model Mode: top

  Startpoint: U0_Serializer/shift_reg_reg[0]
              (rising edge-triggered flip-flop clocked by CLK)
  Endpoint: U0_Serializer/shift_reg_reg[0]
            (rising edge-triggered flip-flop clocked by CLK)
  Path Group: CLK
  Path Type: min

  Des/Clust/Port     Wire Load Model       Library
  ------------------------------------------------
  UART_TX            tsmc13_wl30           scmetro_tsmc_cl013g_rvt_ss_1p08v_125c

  Point                                                   Incr       Path
  --------------------------------------------------------------------------
  clock CLK (rise edge)                                   0.00       0.00
  clock network delay (ideal)                             0.00       0.00
  U0_Serializer/shift_reg_reg[0]/CK (DFFRX1M)             0.00       0.00 r
  U0_Serializer/shift_reg_reg[0]/QN (DFFRX1M)             0.60       0.60 r
  U0_Serializer/U24/Y (OAI21X2M)                          0.29       0.89 f
  U0_Serializer/shift_reg_reg[0]/D (DFFRX1M)              0.00       0.89 f
  data arrival time                                                  0.89

  clock CLK (rise edge)                                   0.00       0.00
  clock network delay (ideal)                             0.00       0.00
  clock uncertainty                                       0.05       0.05
  U0_Serializer/shift_reg_reg[0]/CK (DFFRX1M)             0.00       0.05 r
  library hold time                                      -0.05       0.00
  data required time                                                 0.00
  --------------------------------------------------------------------------
  data required time                                                 0.00
  data arrival time                                                 -0.89
  --------------------------------------------------------------------------
  slack (MET)                                                        0.89


  Startpoint: U0_Serializer/shift_reg_reg[0]
              (rising edge-triggered flip-flop clocked by CLK)
  Endpoint: U0_Serializer/Ser_data_reg
            (rising edge-triggered flip-flop clocked by CLK)
  Path Group: CLK
  Path Type: min

  Des/Clust/Port     Wire Load Model       Library
  ------------------------------------------------
  UART_TX            tsmc13_wl30           scmetro_tsmc_cl013g_rvt_ss_1p08v_125c

  Point                                                   Incr       Path
  --------------------------------------------------------------------------
  clock CLK (rise edge)                                   0.00       0.00
  clock network delay (ideal)                             0.00       0.00
  U0_Serializer/shift_reg_reg[0]/CK (DFFRX1M)             0.00       0.00 r
  U0_Serializer/shift_reg_reg[0]/Q (DFFRX1M)              0.68       0.68 f
  U0_Serializer/Ser_data_reg/D (EDFFX1M)                  0.00       0.68 f
  data arrival time                                                  0.68

  clock CLK (rise edge)                                   0.00       0.00
  clock network delay (ideal)                             0.00       0.00
  clock uncertainty                                       0.05       0.05
  U0_Serializer/Ser_data_reg/CK (EDFFX1M)                 0.00       0.05 r
  library hold time                                      -0.27      -0.22
  data required time                                                -0.22
  --------------------------------------------------------------------------
  data required time                                                -0.22
  data arrival time                                                 -0.68
  --------------------------------------------------------------------------
  slack (MET)                                                        0.90


  Startpoint: U0_Serializer/shift_reg_reg[7]
              (rising edge-triggered flip-flop clocked by CLK)
  Endpoint: U0_Serializer/shift_reg_reg[7]
            (rising edge-triggered flip-flop clocked by CLK)
  Path Group: CLK
  Path Type: min

  Des/Clust/Port     Wire Load Model       Library
  ------------------------------------------------
  UART_TX            tsmc13_wl30           scmetro_tsmc_cl013g_rvt_ss_1p08v_125c

  Point                                                   Incr       Path
  --------------------------------------------------------------------------
  clock CLK (rise edge)                                   0.00       0.00
  clock network delay (ideal)                             0.00       0.00
  U0_Serializer/shift_reg_reg[7]/CK (DFFRQX2M)            0.00       0.00 r
  U0_Serializer/shift_reg_reg[7]/Q (DFFRQX2M)             0.68       0.68 f
  U0_Serializer/U32/Y (AO2B2X2M)                          0.37       1.05 f
  U0_Serializer/shift_reg_reg[7]/D (DFFRQX2M)             0.00       1.05 f
  data arrival time                                                  1.05

  clock CLK (rise edge)                                   0.00       0.00
  clock network delay (ideal)                             0.00       0.00
  clock uncertainty                                       0.05       0.05
  U0_Serializer/shift_reg_reg[7]/CK (DFFRQX2M)            0.00       0.05 r
  library hold time                                      -0.03       0.02
  data required time                                                 0.02
  --------------------------------------------------------------------------
  data required time                                                 0.02
  data arrival time                                                 -1.05
  --------------------------------------------------------------------------
  slack (MET)                                                        1.03


  Startpoint: U0_Serializer/shift_reg_reg[6]
              (rising edge-triggered flip-flop clocked by CLK)
  Endpoint: U0_Serializer/shift_reg_reg[6]
            (rising edge-triggered flip-flop clocked by CLK)
  Path Group: CLK
  Path Type: min

  Des/Clust/Port     Wire Load Model       Library
  ------------------------------------------------
  UART_TX            tsmc13_wl30           scmetro_tsmc_cl013g_rvt_ss_1p08v_125c

  Point                                                   Incr       Path
  --------------------------------------------------------------------------
  clock CLK (rise edge)                                   0.00       0.00
  clock network delay (ideal)                             0.00       0.00
  U0_Serializer/shift_reg_reg[6]/CK (DFFRQX2M)            0.00       0.00 r
  U0_Serializer/shift_reg_reg[6]/Q (DFFRQX2M)             0.68       0.68 f
  U0_Serializer/U22/Y (OAI2B1X2M)                         0.39       1.06 f
  U0_Serializer/shift_reg_reg[6]/D (DFFRQX2M)             0.00       1.06 f
  data arrival time                                                  1.06

  clock CLK (rise edge)                                   0.00       0.00
  clock network delay (ideal)                             0.00       0.00
  clock uncertainty                                       0.05       0.05
  U0_Serializer/shift_reg_reg[6]/CK (DFFRQX2M)            0.00       0.05 r
  library hold time                                      -0.05       0.00
  data required time                                                 0.00
  --------------------------------------------------------------------------
  data required time                                                 0.00
  data arrival time                                                 -1.06
  --------------------------------------------------------------------------
  slack (MET)                                                        1.07


  Startpoint: U0_Serializer/shift_reg_reg[5]
              (rising edge-triggered flip-flop clocked by CLK)
  Endpoint: U0_Serializer/shift_reg_reg[5]
            (rising edge-triggered flip-flop clocked by CLK)
  Path Group: CLK
  Path Type: min

  Des/Clust/Port     Wire Load Model       Library
  ------------------------------------------------
  UART_TX            tsmc13_wl30           scmetro_tsmc_cl013g_rvt_ss_1p08v_125c

  Point                                                   Incr       Path
  --------------------------------------------------------------------------
  clock CLK (rise edge)                                   0.00       0.00
  clock network delay (ideal)                             0.00       0.00
  U0_Serializer/shift_reg_reg[5]/CK (DFFRQX2M)            0.00       0.00 r
  U0_Serializer/shift_reg_reg[5]/Q (DFFRQX2M)             0.68       0.68 f
  U0_Serializer/U20/Y (OAI2B1X2M)                         0.39       1.06 f
  U0_Serializer/shift_reg_reg[5]/D (DFFRQX2M)             0.00       1.06 f
  data arrival time                                                  1.06

  clock CLK (rise edge)                                   0.00       0.00
  clock network delay (ideal)                             0.00       0.00
  clock uncertainty                                       0.05       0.05
  U0_Serializer/shift_reg_reg[5]/CK (DFFRQX2M)            0.00       0.05 r
  library hold time                                      -0.05       0.00
  data required time                                                 0.00
  --------------------------------------------------------------------------
  data required time                                                 0.00
  data arrival time                                                 -1.06
  --------------------------------------------------------------------------
  slack (MET)                                                        1.07


  Startpoint: U0_Serializer/shift_reg_reg[4]
              (rising edge-triggered flip-flop clocked by CLK)
  Endpoint: U0_Serializer/shift_reg_reg[4]
            (rising edge-triggered flip-flop clocked by CLK)
  Path Group: CLK
  Path Type: min

  Des/Clust/Port     Wire Load Model       Library
  ------------------------------------------------
  UART_TX            tsmc13_wl30           scmetro_tsmc_cl013g_rvt_ss_1p08v_125c

  Point                                                   Incr       Path
  --------------------------------------------------------------------------
  clock CLK (rise edge)                                   0.00       0.00
  clock network delay (ideal)                             0.00       0.00
  U0_Serializer/shift_reg_reg[4]/CK (DFFRQX2M)            0.00       0.00 r
  U0_Serializer/shift_reg_reg[4]/Q (DFFRQX2M)             0.68       0.68 f
  U0_Serializer/U18/Y (OAI2B1X2M)                         0.39       1.06 f
  U0_Serializer/shift_reg_reg[4]/D (DFFRQX2M)             0.00       1.06 f
  data arrival time                                                  1.06

  clock CLK (rise edge)                                   0.00       0.00
  clock network delay (ideal)                             0.00       0.00
  clock uncertainty                                       0.05       0.05
  U0_Serializer/shift_reg_reg[4]/CK (DFFRQX2M)            0.00       0.05 r
  library hold time                                      -0.05       0.00
  data required time                                                 0.00
  --------------------------------------------------------------------------
  data required time                                                 0.00
  data arrival time                                                 -1.06
  --------------------------------------------------------------------------
  slack (MET)                                                        1.07


  Startpoint: U0_Serializer/shift_reg_reg[3]
              (rising edge-triggered flip-flop clocked by CLK)
  Endpoint: U0_Serializer/shift_reg_reg[3]
            (rising edge-triggered flip-flop clocked by CLK)
  Path Group: CLK
  Path Type: min

  Des/Clust/Port     Wire Load Model       Library
  ------------------------------------------------
  UART_TX            tsmc13_wl30           scmetro_tsmc_cl013g_rvt_ss_1p08v_125c

  Point                                                   Incr       Path
  --------------------------------------------------------------------------
  clock CLK (rise edge)                                   0.00       0.00
  clock network delay (ideal)                             0.00       0.00
  U0_Serializer/shift_reg_reg[3]/CK (DFFRQX2M)            0.00       0.00 r
  U0_Serializer/shift_reg_reg[3]/Q (DFFRQX2M)             0.68       0.68 f
  U0_Serializer/U16/Y (OAI2B1X2M)                         0.39       1.06 f
  U0_Serializer/shift_reg_reg[3]/D (DFFRQX2M)             0.00       1.06 f
  data arrival time                                                  1.06

  clock CLK (rise edge)                                   0.00       0.00
  clock network delay (ideal)                             0.00       0.00
  clock uncertainty                                       0.05       0.05
  U0_Serializer/shift_reg_reg[3]/CK (DFFRQX2M)            0.00       0.05 r
  library hold time                                      -0.05       0.00
  data required time                                                 0.00
  --------------------------------------------------------------------------
  data required time                                                 0.00
  data arrival time                                                 -1.06
  --------------------------------------------------------------------------
  slack (MET)                                                        1.07


  Startpoint: U0_Serializer/shift_reg_reg[2]
              (rising edge-triggered flip-flop clocked by CLK)
  Endpoint: U0_Serializer/shift_reg_reg[2]
            (rising edge-triggered flip-flop clocked by CLK)
  Path Group: CLK
  Path Type: min

  Des/Clust/Port     Wire Load Model       Library
  ------------------------------------------------
  UART_TX            tsmc13_wl30           scmetro_tsmc_cl013g_rvt_ss_1p08v_125c

  Point                                                   Incr       Path
  --------------------------------------------------------------------------
  clock CLK (rise edge)                                   0.00       0.00
  clock network delay (ideal)                             0.00       0.00
  U0_Serializer/shift_reg_reg[2]/CK (DFFRQX2M)            0.00       0.00 r
  U0_Serializer/shift_reg_reg[2]/Q (DFFRQX2M)             0.68       0.68 f
  U0_Serializer/U14/Y (OAI2B1X2M)                         0.39       1.06 f
  U0_Serializer/shift_reg_reg[2]/D (DFFRQX2M)             0.00       1.06 f
  data arrival time                                                  1.06

  clock CLK (rise edge)                                   0.00       0.00
  clock network delay (ideal)                             0.00       0.00
  clock uncertainty                                       0.05       0.05
  U0_Serializer/shift_reg_reg[2]/CK (DFFRQX2M)            0.00       0.05 r
  library hold time                                      -0.05       0.00
  data required time                                                 0.00
  --------------------------------------------------------------------------
  data required time                                                 0.00
  data arrival time                                                 -1.06
  --------------------------------------------------------------------------
  slack (MET)                                                        1.07


  Startpoint: U0_Serializer/shift_reg_reg[1]
              (rising edge-triggered flip-flop clocked by CLK)
  Endpoint: U0_Serializer/shift_reg_reg[1]
            (rising edge-triggered flip-flop clocked by CLK)
  Path Group: CLK
  Path Type: min

  Des/Clust/Port     Wire Load Model       Library
  ------------------------------------------------
  UART_TX            tsmc13_wl30           scmetro_tsmc_cl013g_rvt_ss_1p08v_125c

  Point                                                   Incr       Path
  --------------------------------------------------------------------------
  clock CLK (rise edge)                                   0.00       0.00
  clock network delay (ideal)                             0.00       0.00
  U0_Serializer/shift_reg_reg[1]/CK (DFFRQX2M)            0.00       0.00 r
  U0_Serializer/shift_reg_reg[1]/Q (DFFRQX2M)             0.68       0.68 f
  U0_Serializer/U12/Y (OAI2B1X2M)                         0.39       1.06 f
  U0_Serializer/shift_reg_reg[1]/D (DFFRQX2M)             0.00       1.06 f
  data arrival time                                                  1.06

  clock CLK (rise edge)                                   0.00       0.00
  clock network delay (ideal)                             0.00       0.00
  clock uncertainty                                       0.05       0.05
  U0_Serializer/shift_reg_reg[1]/CK (DFFRQX2M)            0.00       0.05 r
  library hold time                                      -0.05       0.00
  data required time                                                 0.00
  --------------------------------------------------------------------------
  data required time                                                 0.00
  data arrival time                                                 -1.06
  --------------------------------------------------------------------------
  slack (MET)                                                        1.07


  Startpoint: U0_Serializer/bit_counter_reg[2]
              (rising edge-triggered flip-flop clocked by CLK)
  Endpoint: U0_Serializer/bit_counter_reg[2]
            (rising edge-triggered flip-flop clocked by CLK)
  Path Group: CLK
  Path Type: min

  Des/Clust/Port     Wire Load Model       Library
  ------------------------------------------------
  UART_TX            tsmc13_wl30           scmetro_tsmc_cl013g_rvt_ss_1p08v_125c

  Point                                                   Incr       Path
  --------------------------------------------------------------------------
  clock CLK (rise edge)                                   0.00       0.00
  clock network delay (ideal)                             0.00       0.00
  U0_Serializer/bit_counter_reg[2]/CK (DFFRQX2M)          0.00       0.00 r
  U0_Serializer/bit_counter_reg[2]/Q (DFFRQX2M)           0.69       0.69 f
  U0_Serializer/U30/Y (OAI2B1X2M)                         0.39       1.08 f
  U0_Serializer/bit_counter_reg[2]/D (DFFRQX2M)           0.00       1.08 f
  data arrival time                                                  1.08

  clock CLK (rise edge)                                   0.00       0.00
  clock network delay (ideal)                             0.00       0.00
  clock uncertainty                                       0.05       0.05
  U0_Serializer/bit_counter_reg[2]/CK (DFFRQX2M)          0.00       0.05 r
  library hold time                                      -0.05       0.00
  data required time                                                 0.00
  --------------------------------------------------------------------------
  data required time                                                 0.00
  data arrival time                                                 -1.08
  --------------------------------------------------------------------------
  slack (MET)                                                        1.09


  Startpoint: U0_Parity_Calc/Par_bit_reg
              (rising edge-triggered flip-flop clocked by CLK)
  Endpoint: U0_Parity_Calc/Par_bit_reg
            (rising edge-triggered flip-flop clocked by CLK)
  Path Group: CLK
  Path Type: min

  Des/Clust/Port     Wire Load Model       Library
  ------------------------------------------------
  UART_TX            tsmc13_wl30           scmetro_tsmc_cl013g_rvt_ss_1p08v_125c

  Point                                                   Incr       Path
  --------------------------------------------------------------------------
  clock CLK (rise edge)                                   0.00       0.00
  clock network delay (ideal)                             0.00       0.00
  U0_Parity_Calc/Par_bit_reg/CK (DFFRQX2M)                0.00       0.00 r
  U0_Parity_Calc/Par_bit_reg/Q (DFFRQX2M)                 0.68       0.68 f
  U0_Parity_Calc/U2/Y (OAI2BB2X1M)                        0.49       1.17 f
  U0_Parity_Calc/Par_bit_reg/D (DFFRQX2M)                 0.00       1.17 f
  data arrival time                                                  1.17

  clock CLK (rise edge)                                   0.00       0.00
  clock network delay (ideal)                             0.00       0.00
  clock uncertainty                                       0.05       0.05
  U0_Parity_Calc/Par_bit_reg/CK (DFFRQX2M)                0.00       0.05 r
  library hold time                                      -0.07      -0.02
  data required time                                                -0.02
  --------------------------------------------------------------------------
  data required time                                                -0.02
  data arrival time                                                 -1.17
  --------------------------------------------------------------------------
  slack (MET)                                                        1.19


  Startpoint: U0_FSM/current_state_reg[0]
              (rising edge-triggered flip-flop clocked by CLK)
  Endpoint: U0_FSM/current_state_reg[0]
            (rising edge-triggered flip-flop clocked by CLK)
  Path Group: CLK
  Path Type: min

  Des/Clust/Port     Wire Load Model       Library
  ------------------------------------------------
  UART_TX            tsmc13_wl30           scmetro_tsmc_cl013g_rvt_ss_1p08v_125c

  Point                                                   Incr       Path
  --------------------------------------------------------------------------
  clock CLK (rise edge)                                   0.00       0.00
  clock network delay (ideal)                             0.00       0.00
  U0_FSM/current_state_reg[0]/CK (DFFRX2M)                0.00       0.00 r
  U0_FSM/current_state_reg[0]/QN (DFFRX2M)                0.89       0.89 r
  U0_FSM/U4/Y (OAI32X2M)                                  0.34       1.22 f
  U0_FSM/current_state_reg[0]/D (DFFRX2M)                 0.00       1.22 f
  data arrival time                                                  1.22

  clock CLK (rise edge)                                   0.00       0.00
  clock network delay (ideal)                             0.00       0.00
  clock uncertainty                                       0.05       0.05
  U0_FSM/current_state_reg[0]/CK (DFFRX2M)                0.00       0.05 r
  library hold time                                      -0.03       0.02
  data required time                                                 0.02
  --------------------------------------------------------------------------
  data required time                                                 0.02
  data arrival time                                                 -1.22
  --------------------------------------------------------------------------
  slack (MET)                                                        1.21


  Startpoint: U0_FSM/current_state_reg[2]
              (rising edge-triggered flip-flop clocked by CLK)
  Endpoint: U0_FSM/current_state_reg[2]
            (rising edge-triggered flip-flop clocked by CLK)
  Path Group: CLK
  Path Type: min

  Des/Clust/Port     Wire Load Model       Library
  ------------------------------------------------
  UART_TX            tsmc13_wl30           scmetro_tsmc_cl013g_rvt_ss_1p08v_125c

  Point                                                   Incr       Path
  --------------------------------------------------------------------------
  clock CLK (rise edge)                                   0.00       0.00
  clock network delay (ideal)                             0.00       0.00
  U0_FSM/current_state_reg[2]/CK (DFFRX4M)                0.00       0.00 r
  U0_FSM/current_state_reg[2]/QN (DFFRX4M)                0.80       0.80 r
  U0_FSM/U16/Y (OAI22X1M)                                 0.43       1.24 f
  U0_FSM/current_state_reg[2]/D (DFFRX4M)                 0.00       1.24 f
  data arrival time                                                  1.24

  clock CLK (rise edge)                                   0.00       0.00
  clock network delay (ideal)                             0.00       0.00
  clock uncertainty                                       0.05       0.05
  U0_FSM/current_state_reg[2]/CK (DFFRX4M)                0.00       0.05 r
  library hold time                                      -0.07      -0.02
  data required time                                                -0.02
  --------------------------------------------------------------------------
  data required time                                                -0.02
  data arrival time                                                 -1.24
  --------------------------------------------------------------------------
  slack (MET)                                                        1.25


  Startpoint: U0_Serializer/bit_counter_reg[2]
              (rising edge-triggered flip-flop clocked by CLK)
  Endpoint: U0_Serializer/Ser_done_reg
            (rising edge-triggered flip-flop clocked by CLK)
  Path Group: CLK
  Path Type: min

  Des/Clust/Port     Wire Load Model       Library
  ------------------------------------------------
  UART_TX            tsmc13_wl30           scmetro_tsmc_cl013g_rvt_ss_1p08v_125c

  Point                                                   Incr       Path
  --------------------------------------------------------------------------
  clock CLK (rise edge)                                   0.00       0.00
  clock network delay (ideal)                             0.00       0.00
  U0_Serializer/bit_counter_reg[2]/CK (DFFRQX2M)          0.00       0.00 r
  U0_Serializer/bit_counter_reg[2]/Q (DFFRQX2M)           0.73       0.73 r
  U0_Serializer/U34/Y (NOR3X4M)                           0.26       1.00 f
  U0_Serializer/U9/Y (NOR2BX2M)                           0.28       1.28 f
  U0_Serializer/Ser_done_reg/D (DFFRQX2M)                 0.00       1.28 f
  data arrival time                                                  1.28

  clock CLK (rise edge)                                   0.00       0.00
  clock network delay (ideal)                             0.00       0.00
  clock uncertainty                                       0.05       0.05
  U0_Serializer/Ser_done_reg/CK (DFFRQX2M)                0.00       0.05 r
  library hold time                                      -0.03       0.02
  data required time                                                 0.02
  --------------------------------------------------------------------------
  data required time                                                 0.02
  data arrival time                                                 -1.28
  --------------------------------------------------------------------------
  slack (MET)                                                        1.26


  Startpoint: U0_Serializer/ser_busy_reg
              (rising edge-triggered flip-flop clocked by CLK)
  Endpoint: U0_Serializer/Ser_data_reg
            (rising edge-triggered flip-flop clocked by CLK)
  Path Group: CLK
  Path Type: min

  Des/Clust/Port     Wire Load Model       Library
  ------------------------------------------------
  UART_TX            tsmc13_wl30           scmetro_tsmc_cl013g_rvt_ss_1p08v_125c

  Point                                                   Incr       Path
  --------------------------------------------------------------------------
  clock CLK (rise edge)                                   0.00       0.00
  clock network delay (ideal)                             0.00       0.00
  U0_Serializer/ser_busy_reg/CK (DFFRQX2M)                0.00       0.00 r
  U0_Serializer/ser_busy_reg/Q (DFFRQX2M)                 0.85       0.85 f
  U0_Serializer/U3/Y (AND2X2M)                            0.38       1.23 f
  U0_Serializer/Ser_data_reg/E (EDFFX1M)                  0.00       1.23 f
  data arrival time                                                  1.23

  clock CLK (rise edge)                                   0.00       0.00
  clock network delay (ideal)                             0.00       0.00
  clock uncertainty                                       0.05       0.05
  U0_Serializer/Ser_data_reg/CK (EDFFX1M)                 0.00       0.05 r
  library hold time                                      -0.21      -0.16
  data required time                                                -0.16
  --------------------------------------------------------------------------
  data required time                                                -0.16
  data arrival time                                                 -1.23
  --------------------------------------------------------------------------
  slack (MET)                                                        1.39


  Startpoint: U0_Serializer/bit_counter_reg[0]
              (rising edge-triggered flip-flop clocked by CLK)
  Endpoint: U0_Serializer/bit_counter_reg[0]
            (rising edge-triggered flip-flop clocked by CLK)
  Path Group: CLK
  Path Type: min

  Des/Clust/Port     Wire Load Model       Library
  ------------------------------------------------
  UART_TX            tsmc13_wl30           scmetro_tsmc_cl013g_rvt_ss_1p08v_125c

  Point                                                   Incr       Path
  --------------------------------------------------------------------------
  clock CLK (rise edge)                                   0.00       0.00
  clock network delay (ideal)                             0.00       0.00
  U0_Serializer/bit_counter_reg[0]/CK (DFFRQX2M)          0.00       0.00 r
  U0_Serializer/bit_counter_reg[0]/Q (DFFRQX2M)           0.91       0.91 r
  U0_Serializer/U29/Y (OAI221X1M)                         0.57       1.48 f
  U0_Serializer/bit_counter_reg[0]/D (DFFRQX2M)           0.00       1.48 f
  data arrival time                                                  1.48

  clock CLK (rise edge)                                   0.00       0.00
  clock network delay (ideal)                             0.00       0.00
  clock uncertainty                                       0.05       0.05
  U0_Serializer/bit_counter_reg[0]/CK (DFFRQX2M)          0.00       0.05 r
  library hold time                                      -0.09      -0.04
  data required time                                                -0.04
  --------------------------------------------------------------------------
  data required time                                                -0.04
  data arrival time                                                 -1.48
  --------------------------------------------------------------------------
  slack (MET)                                                        1.52


  Startpoint: U0_FSM/current_state_reg[2]
              (rising edge-triggered flip-flop clocked by CLK)
  Endpoint: U0_FSM/current_state_reg[1]
            (rising edge-triggered flip-flop clocked by CLK)
  Path Group: CLK
  Path Type: min

  Des/Clust/Port     Wire Load Model       Library
  ------------------------------------------------
  UART_TX            tsmc13_wl30           scmetro_tsmc_cl013g_rvt_ss_1p08v_125c

  Point                                                   Incr       Path
  --------------------------------------------------------------------------
  clock CLK (rise edge)                                   0.00       0.00
  clock network delay (ideal)                             0.00       0.00
  U0_FSM/current_state_reg[2]/CK (DFFRX4M)                0.00       0.00 r
  U0_FSM/current_state_reg[2]/Q (DFFRX4M)                 1.08       1.08 r
  U0_FSM/U20/Y (OAI21BX1M)                                0.48       1.57 f
  U0_FSM/current_state_reg[1]/D (DFFRQX2M)                0.00       1.57 f
  data arrival time                                                  1.57

  clock CLK (rise edge)                                   0.00       0.00
  clock network delay (ideal)                             0.00       0.00
  clock uncertainty                                       0.05       0.05
  U0_FSM/current_state_reg[1]/CK (DFFRQX2M)               0.00       0.05 r
  library hold time                                      -0.07      -0.02
  data required time                                                -0.02
  --------------------------------------------------------------------------
  data required time                                                -0.02
  data arrival time                                                 -1.57
  --------------------------------------------------------------------------
  slack (MET)                                                        1.59


  Startpoint: U0_Serializer/bit_counter_reg[1]
              (rising edge-triggered flip-flop clocked by CLK)
  Endpoint: U0_Serializer/bit_counter_reg[1]
            (rising edge-triggered flip-flop clocked by CLK)
  Path Group: CLK
  Path Type: min

  Des/Clust/Port     Wire Load Model       Library
  ------------------------------------------------
  UART_TX            tsmc13_wl30           scmetro_tsmc_cl013g_rvt_ss_1p08v_125c

  Point                                                   Incr       Path
  --------------------------------------------------------------------------
  clock CLK (rise edge)                                   0.00       0.00
  clock network delay (ideal)                             0.00       0.00
  U0_Serializer/bit_counter_reg[1]/CK (DFFRQX2M)          0.00       0.00 r
  U0_Serializer/bit_counter_reg[1]/Q (DFFRQX2M)           0.78       0.78 f
  U0_Serializer/U28/Y (INVX2M)                            0.50       1.28 r
  U0_Serializer/U26/Y (OAI2B11X2M)                        0.38       1.66 f
  U0_Serializer/bit_counter_reg[1]/D (DFFRQX2M)           0.00       1.66 f
  data arrival time                                                  1.66

  clock CLK (rise edge)                                   0.00       0.00
  clock network delay (ideal)                             0.00       0.00
  clock uncertainty                                       0.05       0.05
  U0_Serializer/bit_counter_reg[1]/CK (DFFRQX2M)          0.00       0.05 r
  library hold time                                      -0.07      -0.02
  data required time                                                -0.02
  --------------------------------------------------------------------------
  data required time                                                -0.02
  data arrival time                                                 -1.66
  --------------------------------------------------------------------------
  slack (MET)                                                        1.68


  Startpoint: U0_Serializer/bit_counter_reg[2]
              (rising edge-triggered flip-flop clocked by CLK)
  Endpoint: U0_Serializer/ser_busy_reg
            (rising edge-triggered flip-flop clocked by CLK)
  Path Group: CLK
  Path Type: min

  Des/Clust/Port     Wire Load Model       Library
  ------------------------------------------------
  UART_TX            tsmc13_wl30           scmetro_tsmc_cl013g_rvt_ss_1p08v_125c

  Point                                                   Incr       Path
  --------------------------------------------------------------------------
  clock CLK (rise edge)                                   0.00       0.00
  clock network delay (ideal)                             0.00       0.00
  U0_Serializer/bit_counter_reg[2]/CK (DFFRQX2M)          0.00       0.00 r
  U0_Serializer/bit_counter_reg[2]/Q (DFFRQX2M)           0.69       0.69 f
  U0_Serializer/U34/Y (NOR3X4M)                           0.74       1.43 r
  U0_Serializer/U6/Y (OAI21X2M)                           0.38       1.81 f
  U0_Serializer/U5/Y (BUFX6M)                             0.54       2.36 f
  U0_Serializer/ser_busy_reg/D (DFFRQX2M)                 0.00       2.36 f
  data arrival time                                                  2.36

  clock CLK (rise edge)                                   0.00       0.00
  clock network delay (ideal)                             0.00       0.00
  clock uncertainty                                       0.05       0.05
  U0_Serializer/ser_busy_reg/CK (DFFRQX2M)                0.00       0.05 r
  library hold time                                      -0.10      -0.05
  data required time                                                -0.05
  --------------------------------------------------------------------------
  data required time                                                -0.05
  data arrival time                                                 -2.36
  --------------------------------------------------------------------------
  slack (MET)                                                        2.40


  Startpoint: P_DATA[7] (input port clocked by CLK)
  Endpoint: U0_Serializer/shift_reg_reg[7]
            (rising edge-triggered flip-flop clocked by CLK)
  Path Group: INREG
  Path Type: min

  Des/Clust/Port     Wire Load Model       Library
  ------------------------------------------------
  UART_TX            tsmc13_wl30           scmetro_tsmc_cl013g_rvt_ss_1p08v_125c

  Point                                                   Incr       Path
  --------------------------------------------------------------------------
  clock CLK (rise edge)                                   0.00       0.00
  clock network delay (ideal)                             0.00       0.00
  input external delay                                 2604.00    2604.00 f
  P_DATA[7] (in)                                          0.20    2604.20 f
  U0_Serializer/P_DATA[7] (Serializer)                    0.00    2604.20 f
  U0_Serializer/U32/Y (AO2B2X2M)                          0.42    2604.62 f
  U0_Serializer/shift_reg_reg[7]/D (DFFRQX2M)             0.00    2604.62 f
  data arrival time                                               2604.62

  clock CLK (rise edge)                                   0.00       0.00
  clock network delay (ideal)                             0.00       0.00
  clock uncertainty                                       0.05       0.05
  U0_Serializer/shift_reg_reg[7]/CK (DFFRQX2M)            0.00       0.05 r
  library hold time                                      -0.03       0.02
  data required time                                                 0.02
  --------------------------------------------------------------------------
  data required time                                                 0.02
  data arrival time                                              -2604.62
  --------------------------------------------------------------------------
  slack (MET)                                                     2604.60


  Startpoint: DATA_VALID (input port clocked by CLK)
  Endpoint: U0_FSM/current_state_reg[0]
            (rising edge-triggered flip-flop clocked by CLK)
  Path Group: INREG
  Path Type: min

  Des/Clust/Port     Wire Load Model       Library
  ------------------------------------------------
  UART_TX            tsmc13_wl30           scmetro_tsmc_cl013g_rvt_ss_1p08v_125c

  Point                                                   Incr       Path
  --------------------------------------------------------------------------
  clock CLK (rise edge)                                   0.00       0.00
  clock network delay (ideal)                             0.00       0.00
  input external delay                                 2604.00    2604.00 f
  DATA_VALID (in)                                         0.28    2604.28 f
  U0_FSM/DATA_VALID (FSM)                                 0.00    2604.28 f
  U0_FSM/U18/Y (INVX2M)                                   0.33    2604.61 r
  U0_FSM/U4/Y (OAI32X2M)                                  0.23    2604.84 f
  U0_FSM/current_state_reg[0]/D (DFFRX2M)                 0.00    2604.84 f
  data arrival time                                               2604.84

  clock CLK (rise edge)                                   0.00       0.00
  clock network delay (ideal)                             0.00       0.00
  clock uncertainty                                       0.05       0.05
  U0_FSM/current_state_reg[0]/CK (DFFRX2M)                0.00       0.05 r
  library hold time                                      -0.03       0.02
  data required time                                                 0.02
  --------------------------------------------------------------------------
  data required time                                                 0.02
  data arrival time                                              -2604.84
  --------------------------------------------------------------------------
  slack (MET)                                                     2604.83


  Startpoint: P_DATA[0] (input port clocked by CLK)
  Endpoint: U0_Serializer/shift_reg_reg[0]
            (rising edge-triggered flip-flop clocked by CLK)
  Path Group: INREG
  Path Type: min

  Des/Clust/Port     Wire Load Model       Library
  ------------------------------------------------
  UART_TX            tsmc13_wl30           scmetro_tsmc_cl013g_rvt_ss_1p08v_125c

  Point                                                   Incr       Path
  --------------------------------------------------------------------------
  clock CLK (rise edge)                                   0.00       0.00
  clock network delay (ideal)                             0.00       0.00
  input external delay                                 2604.00    2604.00 f
  P_DATA[0] (in)                                          0.20    2604.20 f
  U0_Serializer/P_DATA[0] (Serializer)                    0.00    2604.20 f
  U0_Serializer/U25/Y (AOI22X1M)                          0.53    2604.73 r
  U0_Serializer/U24/Y (OAI21X2M)                          0.31    2605.03 f
  U0_Serializer/shift_reg_reg[0]/D (DFFRX1M)              0.00    2605.03 f
  data arrival time                                               2605.03

  clock CLK (rise edge)                                   0.00       0.00
  clock network delay (ideal)                             0.00       0.00
  clock uncertainty                                       0.05       0.05
  U0_Serializer/shift_reg_reg[0]/CK (DFFRX1M)             0.00       0.05 r
  library hold time                                      -0.05       0.00
  data required time                                                 0.00
  --------------------------------------------------------------------------
  data required time                                                 0.00
  data arrival time                                              -2605.03
  --------------------------------------------------------------------------
  slack (MET)                                                     2605.03


  Startpoint: P_DATA[3] (input port clocked by CLK)
  Endpoint: U0_Serializer/shift_reg_reg[3]
            (rising edge-triggered flip-flop clocked by CLK)
  Path Group: INREG
  Path Type: min

  Des/Clust/Port     Wire Load Model       Library
  ------------------------------------------------
  UART_TX            tsmc13_wl30           scmetro_tsmc_cl013g_rvt_ss_1p08v_125c

  Point                                                   Incr       Path
  --------------------------------------------------------------------------
  clock CLK (rise edge)                                   0.00       0.00
  clock network delay (ideal)                             0.00       0.00
  input external delay                                 2604.00    2604.00 f
  P_DATA[3] (in)                                          0.19    2604.19 f
  U0_Serializer/P_DATA[3] (Serializer)                    0.00    2604.19 f
  U0_Serializer/U17/Y (AOI22X1M)                          0.53    2604.73 r
  U0_Serializer/U16/Y (OAI2B1X2M)                         0.31    2605.04 f
  U0_Serializer/shift_reg_reg[3]/D (DFFRQX2M)             0.00    2605.04 f
  data arrival time                                               2605.04

  clock CLK (rise edge)                                   0.00       0.00
  clock network delay (ideal)                             0.00       0.00
  clock uncertainty                                       0.05       0.05
  U0_Serializer/shift_reg_reg[3]/CK (DFFRQX2M)            0.00       0.05 r
  library hold time                                      -0.05       0.00
  data required time                                                 0.00
  --------------------------------------------------------------------------
  data required time                                                 0.00
  data arrival time                                              -2605.04
  --------------------------------------------------------------------------
  slack (MET)                                                     2605.04


  Startpoint: P_DATA[6] (input port clocked by CLK)
  Endpoint: U0_Serializer/shift_reg_reg[6]
            (rising edge-triggered flip-flop clocked by CLK)
  Path Group: INREG
  Path Type: min

  Des/Clust/Port     Wire Load Model       Library
  ------------------------------------------------
  UART_TX            tsmc13_wl30           scmetro_tsmc_cl013g_rvt_ss_1p08v_125c

  Point                                                   Incr       Path
  --------------------------------------------------------------------------
  clock CLK (rise edge)                                   0.00       0.00
  clock network delay (ideal)                             0.00       0.00
  input external delay                                 2604.00    2604.00 f
  P_DATA[6] (in)                                          0.19    2604.19 f
  U0_Serializer/P_DATA[6] (Serializer)                    0.00    2604.19 f
  U0_Serializer/U23/Y (AOI22X1M)                          0.53    2604.73 r
  U0_Serializer/U22/Y (OAI2B1X2M)                         0.31    2605.04 f
  U0_Serializer/shift_reg_reg[6]/D (DFFRQX2M)             0.00    2605.04 f
  data arrival time                                               2605.04

  clock CLK (rise edge)                                   0.00       0.00
  clock network delay (ideal)                             0.00       0.00
  clock uncertainty                                       0.05       0.05
  U0_Serializer/shift_reg_reg[6]/CK (DFFRQX2M)            0.00       0.05 r
  library hold time                                      -0.05       0.00
  data required time                                                 0.00
  --------------------------------------------------------------------------
  data required time                                                 0.00
  data arrival time                                              -2605.04
  --------------------------------------------------------------------------
  slack (MET)                                                     2605.04


  Startpoint: P_DATA[2] (input port clocked by CLK)
  Endpoint: U0_Serializer/shift_reg_reg[2]
            (rising edge-triggered flip-flop clocked by CLK)
  Path Group: INREG
  Path Type: min

  Des/Clust/Port     Wire Load Model       Library
  ------------------------------------------------
  UART_TX            tsmc13_wl30           scmetro_tsmc_cl013g_rvt_ss_1p08v_125c

  Point                                                   Incr       Path
  --------------------------------------------------------------------------
  clock CLK (rise edge)                                   0.00       0.00
  clock network delay (ideal)                             0.00       0.00
  input external delay                                 2604.00    2604.00 f
  P_DATA[2] (in)                                          0.19    2604.19 f
  U0_Serializer/P_DATA[2] (Serializer)                    0.00    2604.19 f
  U0_Serializer/U15/Y (AOI22X1M)                          0.53    2604.73 r
  U0_Serializer/U14/Y (OAI2B1X2M)                         0.31    2605.04 f
  U0_Serializer/shift_reg_reg[2]/D (DFFRQX2M)             0.00    2605.04 f
  data arrival time                                               2605.04

  clock CLK (rise edge)                                   0.00       0.00
  clock network delay (ideal)                             0.00       0.00
  clock uncertainty                                       0.05       0.05
  U0_Serializer/shift_reg_reg[2]/CK (DFFRQX2M)            0.00       0.05 r
  library hold time                                      -0.05       0.00
  data required time                                                 0.00
  --------------------------------------------------------------------------
  data required time                                                 0.00
  data arrival time                                              -2605.04
  --------------------------------------------------------------------------
  slack (MET)                                                     2605.04


  Startpoint: P_DATA[5] (input port clocked by CLK)
  Endpoint: U0_Serializer/shift_reg_reg[5]
            (rising edge-triggered flip-flop clocked by CLK)
  Path Group: INREG
  Path Type: min

  Des/Clust/Port     Wire Load Model       Library
  ------------------------------------------------
  UART_TX            tsmc13_wl30           scmetro_tsmc_cl013g_rvt_ss_1p08v_125c

  Point                                                   Incr       Path
  --------------------------------------------------------------------------
  clock CLK (rise edge)                                   0.00       0.00
  clock network delay (ideal)                             0.00       0.00
  input external delay                                 2604.00    2604.00 f
  P_DATA[5] (in)                                          0.19    2604.19 f
  U0_Serializer/P_DATA[5] (Serializer)                    0.00    2604.19 f
  U0_Serializer/U21/Y (AOI22X1M)                          0.53    2604.73 r
  U0_Serializer/U20/Y (OAI2B1X2M)                         0.31    2605.04 f
  U0_Serializer/shift_reg_reg[5]/D (DFFRQX2M)             0.00    2605.04 f
  data arrival time                                               2605.04

  clock CLK (rise edge)                                   0.00       0.00
  clock network delay (ideal)                             0.00       0.00
  clock uncertainty                                       0.05       0.05
  U0_Serializer/shift_reg_reg[5]/CK (DFFRQX2M)            0.00       0.05 r
  library hold time                                      -0.05       0.00
  data required time                                                 0.00
  --------------------------------------------------------------------------
  data required time                                                 0.00
  data arrival time                                              -2605.04
  --------------------------------------------------------------------------
  slack (MET)                                                     2605.04


  Startpoint: P_DATA[1] (input port clocked by CLK)
  Endpoint: U0_Serializer/shift_reg_reg[1]
            (rising edge-triggered flip-flop clocked by CLK)
  Path Group: INREG
  Path Type: min

  Des/Clust/Port     Wire Load Model       Library
  ------------------------------------------------
  UART_TX            tsmc13_wl30           scmetro_tsmc_cl013g_rvt_ss_1p08v_125c

  Point                                                   Incr       Path
  --------------------------------------------------------------------------
  clock CLK (rise edge)                                   0.00       0.00
  clock network delay (ideal)                             0.00       0.00
  input external delay                                 2604.00    2604.00 f
  P_DATA[1] (in)                                          0.19    2604.19 f
  U0_Serializer/P_DATA[1] (Serializer)                    0.00    2604.19 f
  U0_Serializer/U13/Y (AOI22X1M)                          0.53    2604.73 r
  U0_Serializer/U12/Y (OAI2B1X2M)                         0.31    2605.04 f
  U0_Serializer/shift_reg_reg[1]/D (DFFRQX2M)             0.00    2605.04 f
  data arrival time                                               2605.04

  clock CLK (rise edge)                                   0.00       0.00
  clock network delay (ideal)                             0.00       0.00
  clock uncertainty                                       0.05       0.05
  U0_Serializer/shift_reg_reg[1]/CK (DFFRQX2M)            0.00       0.05 r
  library hold time                                      -0.05       0.00
  data required time                                                 0.00
  --------------------------------------------------------------------------
  data required time                                                 0.00
  data arrival time                                              -2605.04
  --------------------------------------------------------------------------
  slack (MET)                                                     2605.04


  Startpoint: P_DATA[4] (input port clocked by CLK)
  Endpoint: U0_Serializer/shift_reg_reg[4]
            (rising edge-triggered flip-flop clocked by CLK)
  Path Group: INREG
  Path Type: min

  Des/Clust/Port     Wire Load Model       Library
  ------------------------------------------------
  UART_TX            tsmc13_wl30           scmetro_tsmc_cl013g_rvt_ss_1p08v_125c

  Point                                                   Incr       Path
  --------------------------------------------------------------------------
  clock CLK (rise edge)                                   0.00       0.00
  clock network delay (ideal)                             0.00       0.00
  input external delay                                 2604.00    2604.00 f
  P_DATA[4] (in)                                          0.20    2604.20 f
  U0_Serializer/P_DATA[4] (Serializer)                    0.00    2604.20 f
  U0_Serializer/U19/Y (AOI22X1M)                          0.53    2604.73 r
  U0_Serializer/U18/Y (OAI2B1X2M)                         0.31    2605.04 f
  U0_Serializer/shift_reg_reg[4]/D (DFFRQX2M)             0.00    2605.04 f
  data arrival time                                               2605.04

  clock CLK (rise edge)                                   0.00       0.00
  clock network delay (ideal)                             0.00       0.00
  clock uncertainty                                       0.05       0.05
  U0_Serializer/shift_reg_reg[4]/CK (DFFRQX2M)            0.00       0.05 r
  library hold time                                      -0.05       0.00
  data required time                                                 0.00
  --------------------------------------------------------------------------
  data required time                                                 0.00
  data arrival time                                              -2605.04
  --------------------------------------------------------------------------
  slack (MET)                                                     2605.04


  Startpoint: PAR_EN (input port clocked by CLK)
  Endpoint: U0_FSM/current_state_reg[2]
            (rising edge-triggered flip-flop clocked by CLK)
  Path Group: INREG
  Path Type: min

  Des/Clust/Port     Wire Load Model       Library
  ------------------------------------------------
  UART_TX            tsmc13_wl30           scmetro_tsmc_cl013g_rvt_ss_1p08v_125c

  Point                                                   Incr       Path
  --------------------------------------------------------------------------
  clock CLK (rise edge)                                   0.00       0.00
  clock network delay (ideal)                             0.00       0.00
  input external delay                                 2604.00    2604.00 r
  PAR_EN (in)                                             0.17    2604.17 r
  U0_FSM/PAR_EN (FSM)                                     0.00    2604.17 r
  U0_FSM/U17/Y (AOI2B1X1M)                                0.70    2604.87 r
  U0_FSM/U16/Y (OAI22X1M)                                 0.43    2605.30 f
  U0_FSM/current_state_reg[2]/D (DFFRX4M)                 0.00    2605.30 f
  data arrival time                                               2605.30

  clock CLK (rise edge)                                   0.00       0.00
  clock network delay (ideal)                             0.00       0.00
  clock uncertainty                                       0.05       0.05
  U0_FSM/current_state_reg[2]/CK (DFFRX4M)                0.00       0.05 r
  library hold time                                      -0.07      -0.02
  data required time                                                -0.02
  --------------------------------------------------------------------------
  data required time                                                -0.02
  data arrival time                                              -2605.30
  --------------------------------------------------------------------------
  slack (MET)                                                     2605.32


  Startpoint: PAR_TYP (input port clocked by CLK)
  Endpoint: U0_Parity_Calc/Par_bit_reg
            (rising edge-triggered flip-flop clocked by CLK)
  Path Group: INREG
  Path Type: min

  Des/Clust/Port     Wire Load Model       Library
  ------------------------------------------------
  UART_TX            tsmc13_wl30           scmetro_tsmc_cl013g_rvt_ss_1p08v_125c

  Point                                                   Incr       Path
  --------------------------------------------------------------------------
  clock CLK (rise edge)                                   0.00       0.00
  clock network delay (ideal)                             0.00       0.00
  input external delay                                 2604.00    2604.00 r
  PAR_TYP (in)                                            0.17    2604.17 r
  U0_Parity_Calc/PAR_TYP (parity_Calc)                    0.00    2604.17 r
  U0_Parity_Calc/U4/Y (XOR3XLM)                           0.67    2604.85 r
  U0_Parity_Calc/U2/Y (OAI2BB2X1M)                        0.47    2605.32 f
  U0_Parity_Calc/Par_bit_reg/D (DFFRQX2M)                 0.00    2605.32 f
  data arrival time                                               2605.32

  clock CLK (rise edge)                                   0.00       0.00
  clock network delay (ideal)                             0.00       0.00
  clock uncertainty                                       0.05       0.05
  U0_Parity_Calc/Par_bit_reg/CK (DFFRQX2M)                0.00       0.05 r
  library hold time                                      -0.07      -0.02
  data required time                                                -0.02
  --------------------------------------------------------------------------
  data required time                                                -0.02
  data arrival time                                              -2605.32
  --------------------------------------------------------------------------
  slack (MET)                                                     2605.34


  Startpoint: DATA_VALID (input port clocked by CLK)
  Endpoint: U0_Serializer/bit_counter_reg[2]
            (rising edge-triggered flip-flop clocked by CLK)
  Path Group: INREG
  Path Type: min

  Des/Clust/Port     Wire Load Model       Library
  ------------------------------------------------
  UART_TX            tsmc13_wl30           scmetro_tsmc_cl013g_rvt_ss_1p08v_125c

  Point                                                   Incr       Path
  --------------------------------------------------------------------------
  clock CLK (rise edge)                                   0.00       0.00
  clock network delay (ideal)                             0.00       0.00
  input external delay                                 2604.00    2604.00 f
  DATA_VALID (in)                                         0.28    2604.28 f
  U0_FSM/DATA_VALID (FSM)                                 0.00    2604.28 f
  U0_FSM/U14/Y (AOI32X1M)                                 0.63    2604.91 r
  U0_FSM/U13/Y (OAI2BB1X2M)                               0.33    2605.24 f
  U0_FSM/ser_en (FSM)                                     0.00    2605.24 f
  U0_Serializer/Ser_en (Serializer)                       0.00    2605.24 f
  U0_Serializer/U11/Y (NAND2X4M)                          0.58    2605.82 r
  U0_Serializer/U30/Y (OAI2B1X2M)                         0.32    2606.15 f
  U0_Serializer/bit_counter_reg[2]/D (DFFRQX2M)           0.00    2606.15 f
  data arrival time                                               2606.15

  clock CLK (rise edge)                                   0.00       0.00
  clock network delay (ideal)                             0.00       0.00
  clock uncertainty                                       0.05       0.05
  U0_Serializer/bit_counter_reg[2]/CK (DFFRQX2M)          0.00       0.05 r
  library hold time                                      -0.05       0.00
  data required time                                                 0.00
  --------------------------------------------------------------------------
  data required time                                                 0.00
  data arrival time                                              -2606.15
  --------------------------------------------------------------------------
  slack (MET)                                                     2606.15


  Startpoint: DATA_VALID (input port clocked by CLK)
  Endpoint: U0_Serializer/bit_counter_reg[1]
            (rising edge-triggered flip-flop clocked by CLK)
  Path Group: INREG
  Path Type: min

  Des/Clust/Port     Wire Load Model       Library
  ------------------------------------------------
  UART_TX            tsmc13_wl30           scmetro_tsmc_cl013g_rvt_ss_1p08v_125c

  Point                                                   Incr       Path
  --------------------------------------------------------------------------
  clock CLK (rise edge)                                   0.00       0.00
  clock network delay (ideal)                             0.00       0.00
  input external delay                                 2604.00    2604.00 f
  DATA_VALID (in)                                         0.28    2604.28 f
  U0_FSM/DATA_VALID (FSM)                                 0.00    2604.28 f
  U0_FSM/U14/Y (AOI32X1M)                                 0.63    2604.91 r
  U0_FSM/U13/Y (OAI2BB1X2M)                               0.33    2605.24 f
  U0_FSM/ser_en (FSM)                                     0.00    2605.24 f
  U0_Serializer/Ser_en (Serializer)                       0.00    2605.24 f
  U0_Serializer/U11/Y (NAND2X4M)                          0.58    2605.82 r
  U0_Serializer/U26/Y (OAI2B11X2M)                        0.38    2606.20 f
  U0_Serializer/bit_counter_reg[1]/D (DFFRQX2M)           0.00    2606.20 f
  data arrival time                                               2606.20

  clock CLK (rise edge)                                   0.00       0.00
  clock network delay (ideal)                             0.00       0.00
  clock uncertainty                                       0.05       0.05
  U0_Serializer/bit_counter_reg[1]/CK (DFFRQX2M)          0.00       0.05 r
  library hold time                                      -0.07      -0.02
  data required time                                                -0.02
  --------------------------------------------------------------------------
  data required time                                                -0.02
  data arrival time                                              -2606.20
  --------------------------------------------------------------------------
  slack (MET)                                                     2606.22


  Startpoint: DATA_VALID (input port clocked by CLK)
  Endpoint: U0_Serializer/bit_counter_reg[0]
            (rising edge-triggered flip-flop clocked by CLK)
  Path Group: INREG
  Path Type: min

  Des/Clust/Port     Wire Load Model       Library
  ------------------------------------------------
  UART_TX            tsmc13_wl30           scmetro_tsmc_cl013g_rvt_ss_1p08v_125c

  Point                                                   Incr       Path
  --------------------------------------------------------------------------
  clock CLK (rise edge)                                   0.00       0.00
  clock network delay (ideal)                             0.00       0.00
  input external delay                                 2604.00    2604.00 f
  DATA_VALID (in)                                         0.28    2604.28 f
  U0_FSM/DATA_VALID (FSM)                                 0.00    2604.28 f
  U0_FSM/U14/Y (AOI32X1M)                                 0.63    2604.91 r
  U0_FSM/U13/Y (OAI2BB1X2M)                               0.33    2605.24 f
  U0_FSM/ser_en (FSM)                                     0.00    2605.24 f
  U0_Serializer/Ser_en (Serializer)                       0.00    2605.24 f
  U0_Serializer/U11/Y (NAND2X4M)                          0.58    2605.82 r
  U0_Serializer/U29/Y (OAI221X1M)                         0.51    2606.33 f
  U0_Serializer/bit_counter_reg[0]/D (DFFRQX2M)           0.00    2606.33 f
  data arrival time                                               2606.33

  clock CLK (rise edge)                                   0.00       0.00
  clock network delay (ideal)                             0.00       0.00
  clock uncertainty                                       0.05       0.05
  U0_Serializer/bit_counter_reg[0]/CK (DFFRQX2M)          0.00       0.05 r
  library hold time                                      -0.09      -0.04
  data required time                                                -0.04
  --------------------------------------------------------------------------
  data required time                                                -0.04
  data arrival time                                              -2606.33
  --------------------------------------------------------------------------
  slack (MET)                                                     2606.37


  Startpoint: DATA_VALID (input port clocked by CLK)
  Endpoint: U0_Serializer/ser_busy_reg
            (rising edge-triggered flip-flop clocked by CLK)
  Path Group: INREG
  Path Type: min

  Des/Clust/Port     Wire Load Model       Library
  ------------------------------------------------
  UART_TX            tsmc13_wl30           scmetro_tsmc_cl013g_rvt_ss_1p08v_125c

  Point                                                   Incr       Path
  --------------------------------------------------------------------------
  clock CLK (rise edge)                                   0.00       0.00
  clock network delay (ideal)                             0.00       0.00
  input external delay                                 2604.00    2604.00 f
  DATA_VALID (in)                                         0.28    2604.28 f
  U0_FSM/DATA_VALID (FSM)                                 0.00    2604.28 f
  U0_FSM/U14/Y (AOI32X1M)                                 0.63    2604.91 r
  U0_FSM/U13/Y (OAI2BB1X2M)                               0.33    2605.24 f
  U0_FSM/ser_en (FSM)                                     0.00    2605.24 f
  U0_Serializer/Ser_en (Serializer)                       0.00    2605.24 f
  U0_Serializer/U11/Y (NAND2X4M)                          0.58    2605.82 r
  U0_Serializer/U6/Y (OAI21X2M)                           0.33    2606.16 f
  U0_Serializer/U5/Y (BUFX6M)                             0.54    2606.70 f
  U0_Serializer/ser_busy_reg/D (DFFRQX2M)                 0.00    2606.70 f
  data arrival time                                               2606.70

  clock CLK (rise edge)                                   0.00       0.00
  clock network delay (ideal)                             0.00       0.00
  clock uncertainty                                       0.05       0.05
  U0_Serializer/ser_busy_reg/CK (DFFRQX2M)                0.00       0.05 r
  library hold time                                      -0.10      -0.05
  data required time                                                -0.05
  --------------------------------------------------------------------------
  data required time                                                -0.05
  data arrival time                                              -2606.70
  --------------------------------------------------------------------------
  slack (MET)                                                     2606.74


  Startpoint: U0_FSM/current_state_reg[2]
              (rising edge-triggered flip-flop clocked by CLK)
  Endpoint: BUSY (output port clocked by CLK)
  Path Group: REGOUT
  Path Type: min

  Des/Clust/Port     Wire Load Model       Library
  ------------------------------------------------
  UART_TX            tsmc13_wl30           scmetro_tsmc_cl013g_rvt_ss_1p08v_125c

  Point                                                   Incr       Path
  --------------------------------------------------------------------------
  clock CLK (rise edge)                                   0.00       0.00
  clock network delay (ideal)                             0.00       0.00
  U0_FSM/current_state_reg[2]/CK (DFFRX4M)                0.00       0.00 r
  U0_FSM/current_state_reg[2]/QN (DFFRX4M)                0.80       0.80 r
  U0_FSM/U9/Y (NAND2X8M)                                  0.76       1.56 f
  U0_FSM/busy (FSM)                                       0.00       1.56 f
  BUSY (out)                                              0.00       1.56 f
  data arrival time                                                  1.56

  clock CLK (rise edge)                                   0.00       0.00
  clock network delay (ideal)                             0.00       0.00
  clock uncertainty                                       0.05       0.05
  output external delay                               -2604.00   -2603.95
  data required time                                             -2603.95
  --------------------------------------------------------------------------
  data required time                                             -2603.95
  data arrival time                                                 -1.56
  --------------------------------------------------------------------------
  slack (MET)                                                     2605.51


  Startpoint: U0_Parity_Calc/Par_bit_reg
              (rising edge-triggered flip-flop clocked by CLK)
  Endpoint: TX_OUT (output port clocked by CLK)
  Path Group: REGOUT
  Path Type: min

  Des/Clust/Port     Wire Load Model       Library
  ------------------------------------------------
  UART_TX            tsmc13_wl30           scmetro_tsmc_cl013g_rvt_ss_1p08v_125c

  Point                                                   Incr       Path
  --------------------------------------------------------------------------
  clock CLK (rise edge)                                   0.00       0.00
  clock network delay (ideal)                             0.00       0.00
  U0_Parity_Calc/Par_bit_reg/CK (DFFRQX2M)                0.00       0.00 r
  U0_Parity_Calc/Par_bit_reg/Q (DFFRQX2M)                 0.71       0.71 r
  U0_Parity_Calc/Par_bit (parity_Calc)                    0.00       0.71 r
  U0_MUX/par_Bit (MUX)                                    0.00       0.71 r
  U0_MUX/U5/Y (NAND3BX2M)                                 0.35       1.06 r
  U0_MUX/U4/Y (OAI2BB2X1M)                                0.44       1.50 r
  U0_MUX/U3/Y (CLKBUFX8M)                                 0.98       2.48 r
  U0_MUX/TX_OUT (MUX)                                     0.00       2.48 r
  TX_OUT (out)                                            0.00       2.48 r
  data arrival time                                                  2.48

  clock CLK (rise edge)                                   0.00       0.00
  clock network delay (ideal)                             0.00       0.00
  clock uncertainty                                       0.05       0.05
  output external delay                               -2604.00   -2603.95
  data required time                                             -2603.95
  --------------------------------------------------------------------------
  data required time                                             -2603.95
  data arrival time                                                 -2.48
  --------------------------------------------------------------------------
  slack (MET)                                                     2606.43


1
