 
****************************************
Report : constraint
        -all_violators
Design : System_Top
Version: K-2015.06
Date   : Sun Aug 10 17:11:06 2025
****************************************


   max_transition

                             Required        Actual
   Net                      Transition     Transition        Slack
   -----------------------------------------------------------------
   RdData[0]                    1.50          37.46         -35.96  (VIOLATED)
       PIN :   U6/Y             1.50          37.46         -35.96  (VIOLATED)
   RdData[1]                    1.50          37.46         -35.96  (VIOLATED)
       PIN :   U8/Y             1.50          37.46         -35.96  (VIOLATED)
   RdData[2]                    1.50          37.46         -35.96  (VIOLATED)
       PIN :   U10/Y            1.50          37.46         -35.96  (VIOLATED)
   RdData[3]                    1.50          37.46         -35.96  (VIOLATED)
       PIN :   U12/Y            1.50          37.46         -35.96  (VIOLATED)
   RdData[4]                    1.50          37.46         -35.96  (VIOLATED)
       PIN :   U14/Y            1.50          37.46         -35.96  (VIOLATED)
   RdData[5]                    1.50          37.46         -35.96  (VIOLATED)
       PIN :   U16/Y            1.50          37.46         -35.96  (VIOLATED)
   RdData[6]                    1.50          37.46         -35.96  (VIOLATED)
       PIN :   U18/Y            1.50          37.46         -35.96  (VIOLATED)
   RdData[7]                    1.50          37.46         -35.96  (VIOLATED)
       PIN :   U20/Y            1.50          37.46         -35.96  (VIOLATED)
   ALU_OUT[0]                   1.50          37.46         -35.96  (VIOLATED)
       PIN :   U22/Y            1.50          37.46         -35.96  (VIOLATED)
   ALU_OUT[2]                   1.50          37.46         -35.96  (VIOLATED)
       PIN :   U26/Y            1.50          37.46         -35.96  (VIOLATED)
   ALU_OUT[3]                   1.50          37.46         -35.96  (VIOLATED)
       PIN :   U28/Y            1.50          37.46         -35.96  (VIOLATED)
   ALU_OUT[4]                   1.50          37.46         -35.96  (VIOLATED)
       PIN :   U30/Y            1.50          37.46         -35.96  (VIOLATED)
   ALU_OUT[5]                   1.50          37.46         -35.96  (VIOLATED)
       PIN :   U32/Y            1.50          37.46         -35.96  (VIOLATED)
   ALU_OUT[6]                   1.50          37.46         -35.96  (VIOLATED)
       PIN :   U34/Y            1.50          37.46         -35.96  (VIOLATED)
   ALU_OUT[7]                   1.50          37.46         -35.96  (VIOLATED)
       PIN :   U36/Y            1.50          37.46         -35.96  (VIOLATED)
   ALU_VLD                      1.50          37.46         -35.96  (VIOLATED)
       PIN :   U38/Y            1.50          37.46         -35.96  (VIOLATED)
   ALU_OUT[1]                   1.50          37.46         -35.96  (VIOLATED)
       PIN :   U24/Y            1.50          37.46         -35.96  (VIOLATED)

   -----------------------------------------------------------------
   Total                      17               -611.32  

   max_capacitance

                             Required        Actual
   Net                      Capacitance    Capacitance       Slack
   -----------------------------------------------------------------
   ALU_OUT[0]                   3.69          75.03         -71.34  (VIOLATED)
   ALU_OUT[1]                   3.69          75.03         -71.34  (VIOLATED)
   ALU_OUT[2]                   3.69          75.03         -71.34  (VIOLATED)
   ALU_OUT[3]                   3.69          75.03         -71.34  (VIOLATED)
   ALU_OUT[4]                   3.69          75.03         -71.34  (VIOLATED)
   ALU_OUT[5]                   3.69          75.03         -71.34  (VIOLATED)
   ALU_OUT[6]                   3.69          75.03         -71.34  (VIOLATED)
   ALU_OUT[7]                   3.69          75.03         -71.34  (VIOLATED)
   ALU_VLD                      3.69          75.03         -71.34  (VIOLATED)
   RdData[0]                    3.69          75.03         -71.34  (VIOLATED)
   RdData[1]                    3.69          75.03         -71.34  (VIOLATED)
   RdData[2]                    3.69          75.03         -71.34  (VIOLATED)
   RdData[3]                    3.69          75.03         -71.34  (VIOLATED)
   RdData[4]                    3.69          75.03         -71.34  (VIOLATED)
   RdData[5]                    3.69          75.03         -71.34  (VIOLATED)
   RdData[6]                    3.69          75.03         -71.34  (VIOLATED)
   RdData[7]                    3.69          75.03         -71.34  (VIOLATED)

   -----------------------------------------------------------------
   Total                      17              -1212.75  

1
